Feb 21 07:35:02 ismail-X456URK systemd[1]: Started CUPS Scheduler.
Feb 21 07:35:03 ismail-X456URK anacron[8596]: Job `cron.daily' terminated
Feb 21 07:35:03 ismail-X456URK anacron[8596]: Normal exit (1 job run)
Feb 21 07:36:01 ismail-X456URK CRON[8851]: (ismail) CMD (/home/ismail/sisop/Modul1/pindah.sh)
Feb 21 07:36:01 ismail-X456URK CRON[8850]: (CRON) info (No MTA installed, discarding output)
Feb 21 07:37:01 ismail-X456URK CRON[8859]: (ismail) CMD (/home/ismail/sisop/Modul1/pindah.sh)
Feb 21 07:37:01 ismail-X456URK CRON[8858]: (CRON) info (No MTA installed, discarding output)
Feb 21 07:37:10 ismail-X456URK dhclient[5392]: DHCPREQUEST of 10.151.253.161 on wlp3s0 to 10.151.252.2 port 67 (xid=0x452bf5ce)
Feb 21 07:37:10 ismail-X456URK dhclient[5392]: DHCPACK of 10.151.253.161 from 10.151.252.2
Feb 21 07:37:10 ismail-X456URK NetworkManager[813]: <info>  [1550709430.5985]   address 10.151.253.161
Feb 21 07:37:10 ismail-X456URK NetworkManager[813]: <info>  [1550709430.5986]   plen 22 (255.255.252.0)
Feb 21 07:37:10 ismail-X456URK NetworkManager[813]: <info>  [1550709430.5987]   gateway 10.151.252.1
Feb 21 07:37:10 ismail-X456URK NetworkManager[813]: <info>  [1550709430.5987]   server identifier 10.151.252.2
Feb 21 07:37:10 ismail-X456URK NetworkManager[813]: <info>  [1550709430.5988]   lease time 900
Feb 21 07:37:10 ismail-X456URK NetworkManager[813]: <info>  [1550709430.5988]   nameserver '103.94.190.10'
Feb 21 07:37:10 ismail-X456URK NetworkManager[813]: <info>  [1550709430.5989]   nameserver '202.46.129.2'
Feb 21 07:37:10 ismail-X456URK NetworkManager[813]: <info>  [1550709430.5989]   domain name 'if.its.ac.id'
Feb 21 07:37:10 ismail-X456URK NetworkManager[813]: <info>  [1550709430.5990] dhcp4 (wlp3s0): state changed bound -> bound
Feb 21 07:37:10 ismail-X456URK dbus[770]: [system] Activating via systemd: service name='org.freedesktop.nm_dispatcher' unit='dbus-org.freedesktop.nm-dispatcher.service'
Feb 21 07:37:10 ismail-X456URK systemd[1]: Starting Network Manager Script Dispatcher Service...
Feb 21 07:37:10 ismail-X456URK dbus[770]: [system] Successfully activated service 'org.freedesktop.nm_dispatcher'
Feb 21 07:37:10 ismail-X456URK systemd[1]: Started Network Manager Script Dispatcher Service.
Feb 21 07:37:10 ismail-X456URK nm-dispatcher: req:1 'dhcp4-change' [wlp3s0]: new request (1 scripts)
Feb 21 07:37:10 ismail-X456URK nm-dispatcher: req:1 'dhcp4-change' [wlp3s0]: start running ordered scripts...
Feb 21 07:37:10 ismail-X456URK dhclient[5392]: bound to 10.151.253.161 -- renewal in 373 seconds.
Feb 21 07:38:01 ismail-X456URK CRON[8876]: (ismail) CMD (/home/ismail/sisop/Modul1/pindah.sh)
Feb 21 07:38:01 ismail-X456URK CRON[8875]: (CRON) info (No MTA installed, discarding output)
Feb 21 07:39:01 ismail-X456URK CRON[8885]: (ismail) CMD (/home/ismail/sisop/Modul1/pindah.sh)
Feb 21 07:39:01 ismail-X456URK CRON[8886]: (root) CMD (  [ -x /usr/lib/php/sessionclean ] && /usr/lib/php/sessionclean)
Feb 21 07:39:01 ismail-X456URK CRON[8884]: (CRON) info (No MTA installed, discarding output)
Feb 21 07:39:01 ismail-X456URK CRON[8883]: (CRON) info (No MTA installed, discarding output)
Feb 21 07:40:01 ismail-X456URK CRON[8931]: (ismail) CMD (/home/ismail/sisop/Modul1/pindah.sh)
Feb 21 07:40:01 ismail-X456URK CRON[8930]: (CRON) info (No MTA installed, discarding output)
Feb 21 07:41:01 ismail-X456URK CRON[8938]: (ismail) CMD (/home/ismail/sisop/Modul1/pindah.sh)
Feb 21 07:41:01 ismail-X456URK CRON[8937]: (CRON) info (No MTA installed, discarding output)
Feb 21 07:42:01 ismail-X456URK CRON[8943]: (ismail) CMD (/home/ismail/sisop/Modul1/pindah.sh)
Feb 21 07:42:01 ismail-X456URK CRON[8942]: (CRON) info (No MTA installed, discarding output)
Feb 21 07:43:01 ismail-X456URK CRON[8951]: (ismail) CMD (/home/ismail/sisop/Modul1/pindah.sh)
Feb 21 07:43:01 ismail-X456URK CRON[8950]: (CRON) info (No MTA installed, discarding output)
Feb 21 07:43:24 ismail-X456URK dhclient[5392]: DHCPREQUEST of 10.151.253.161 on wlp3s0 to 10.151.252.2 port 67 (xid=0x452bf5ce)
Feb 21 07:43:24 ismail-X456URK dhclient[5392]: DHCPACK of 10.151.253.161 from 10.151.252.2
Feb 21 07:43:24 ismail-X456URK NetworkManager[813]: <info>  [1550709804.0204]   address 10.151.253.161
Feb 21 07:43:24 ismail-X456URK NetworkManager[813]: <info>  [1550709804.0204]   plen 22 (255.255.252.0)
Feb 21 07:43:24 ismail-X456URK NetworkManager[813]: <info>  [1550709804.0205]   gateway 10.151.252.1
Feb 21 07:43:24 ismail-X456URK NetworkManager[813]: <info>  [1550709804.0206]   server identifier 10.151.252.2
Feb 21 07:43:24 ismail-X456URK NetworkManager[813]: <info>  [1550709804.0206]   lease time 900
Feb 21 07:43:24 ismail-X456URK NetworkManager[813]: <info>  [1550709804.0207]   nameserver '103.94.190.10'
Feb 21 07:43:24 ismail-X456URK NetworkManager[813]: <info>  [1550709804.0208]   nameserver '202.46.129.2'
Feb 21 07:43:24 ismail-X456URK NetworkManager[813]: <info>  [1550709804.0208]   domain name 'if.its.ac.id'
Feb 21 07:43:24 ismail-X456URK dbus[770]: [system] Activating via systemd: service name='org.freedesktop.nm_dispatcher' unit='dbus-org.freedesktop.nm-dispatcher.service'
Feb 21 07:43:24 ismail-X456URK NetworkManager[813]: <info>  [1550709804.0209] dhcp4 (wlp3s0): state changed bound -> bound
Feb 21 07:43:24 ismail-X456URK systemd[1]: Starting Network Manager Script Dispatcher Service...
Feb 21 07:43:24 ismail-X456URK dbus[770]: [system] Successfully activated service 'org.freedesktop.nm_dispatcher'
Feb 21 07:43:24 ismail-X456URK systemd[1]: Started Network Manager Script Dispatcher Service.
Feb 21 07:43:24 ismail-X456URK nm-dispatcher: req:1 'dhcp4-change' [wlp3s0]: new request (1 scripts)
Feb 21 07:43:24 ismail-X456URK nm-dispatcher: req:1 'dhcp4-change' [wlp3s0]: start running ordered scripts...
Feb 21 07:43:24 ismail-X456URK dhclient[5392]: bound to 10.151.253.161 -- renewal in 441 seconds.
Feb 21 07:44:01 ismail-X456URK CRON[8968]: (ismail) CMD (/home/ismail/sisop/Modul1/pindah.sh)
Feb 21 07:44:01 ismail-X456URK CRON[8967]: (CRON) info (No MTA installed, discarding output)
Feb 21 07:45:01 ismail-X456URK CRON[8980]: (ismail) CMD (/home/ismail/sisop/Modul1/pindah.sh)
Feb 21 07:45:01 ismail-X456URK CRON[8979]: (CRON) info (No MTA installed, discarding output)
Feb 21 07:46:01 ismail-X456URK CRON[8985]: (ismail) CMD (/home/ismail/sisop/Modul1/pindah.sh)
Feb 21 07:46:01 ismail-X456URK CRON[8984]: (CRON) info (No MTA installed, discarding output)
Feb 21 07:47:01 ismail-X456URK CRON[8993]: (ismail) CMD (/home/ismail/sisop/Modul1/pindah.sh)
Feb 21 07:47:01 ismail-X456URK CRON[8992]: (CRON) info (No MTA installed, discarding output)
Feb 21 07:48:01 ismail-X456URK CRON[9000]: (ismail) CMD (/home/ismail/sisop/Modul1/pindah.sh)
Feb 21 07:48:01 ismail-X456URK CRON[8999]: (CRON) info (No MTA installed, discarding output)
Feb 21 07:49:01 ismail-X456URK CRON[9008]: (ismail) CMD (/home/ismail/sisop/Modul1/pindah.sh)
Feb 21 07:49:01 ismail-X456URK CRON[9007]: (CRON) info (No MTA installed, discarding output)
Feb 21 07:50:01 ismail-X456URK CRON[9014]: (ismail) CMD (/home/ismail/sisop/Modul1/pindah.sh)
Feb 21 07:50:01 ismail-X456URK CRON[9013]: (CRON) info (No MTA installed, discarding output)
Feb 21 07:50:45 ismail-X456URK dhclient[5392]: DHCPREQUEST of 10.151.253.161 on wlp3s0 to 10.151.252.2 port 67 (xid=0x452bf5ce)
Feb 21 07:50:45 ismail-X456URK dhclient[5392]: DHCPACK of 10.151.253.161 from 10.151.252.2
Feb 21 07:50:45 ismail-X456URK NetworkManager[813]: <info>  [1550710245.4158]   address 10.151.253.161
Feb 21 07:50:45 ismail-X456URK NetworkManager[813]: <info>  [1550710245.4159]   plen 22 (255.255.252.0)
Feb 21 07:50:45 ismail-X456URK NetworkManager[813]: <info>  [1550710245.4160]   gateway 10.151.252.1
Feb 21 07:50:45 ismail-X456URK NetworkManager[813]: <info>  [1550710245.4160]   server identifier 10.151.252.2
Feb 21 07:50:45 ismail-X456URK NetworkManager[813]: <info>  [1550710245.4160]   lease time 900
Feb 21 07:50:45 ismail-X456URK NetworkManager[813]: <info>  [1550710245.4161]   nameserver '103.94.190.10'
Feb 21 07:50:45 ismail-X456URK NetworkManager[813]: <info>  [1550710245.4161]   nameserver '202.46.129.2'
Feb 21 07:50:45 ismail-X456URK NetworkManager[813]: <info>  [1550710245.4161]   domain name 'if.its.ac.id'
Feb 21 07:50:45 ismail-X456URK NetworkManager[813]: <info>  [1550710245.4162] dhcp4 (wlp3s0): state changed bound -> bound
Feb 21 07:50:45 ismail-X456URK dbus[770]: [system] Activating via systemd: service name='org.freedesktop.nm_dispatcher' unit='dbus-org.freedesktop.nm-dispatcher.service'
Feb 21 07:50:45 ismail-X456URK systemd[1]: Starting Network Manager Script Dispatcher Service...
Feb 21 07:50:45 ismail-X456URK dbus[770]: [system] Successfully activated service 'org.freedesktop.nm_dispatcher'
Feb 21 07:50:45 ismail-X456URK systemd[1]: Started Network Manager Script Dispatcher Service.
Feb 21 07:50:45 ismail-X456URK nm-dispatcher: req:1 'dhcp4-change' [wlp3s0]: new request (1 scripts)
Feb 21 07:50:45 ismail-X456URK nm-dispatcher: req:1 'dhcp4-change' [wlp3s0]: start running ordered scripts...
Feb 21 07:50:45 ismail-X456URK dhclient[5392]: bound to 10.151.253.161 -- renewal in 363 seconds.
Feb 21 07:51:01 ismail-X456URK CRON[9035]: (ismail) CMD (/home/ismail/sisop/Modul1/pindah.sh)
Feb 21 07:51:01 ismail-X456URK CRON[9034]: (CRON) info (No MTA installed, discarding output)
Feb 21 07:52:01 ismail-X456URK CRON[9040]: (ismail) CMD (/home/ismail/sisop/Modul1/pindah.sh)
Feb 21 07:52:01 ismail-X456URK CRON[9039]: (CRON) info (No MTA installed, discarding output)
Feb 21 07:53:01 ismail-X456URK CRON[9048]: (ismail) CMD (/home/ismail/sisop/Modul1/pindah.sh)
Feb 21 07:53:01 ismail-X456URK CRON[9047]: (CRON) info (No MTA installed, discarding output)
Feb 21 07:54:01 ismail-X456URK CRON[9053]: (ismail) CMD (/home/ismail/sisop/Modul1/pindah.sh)
Feb 21 07:54:01 ismail-X456URK CRON[9052]: (CRON) info (No MTA installed, discarding output)
Feb 21 07:55:01 ismail-X456URK CRON[9063]: (ismail) CMD (/home/ismail/sisop/Modul1/pindah.sh)
Feb 21 07:55:01 ismail-X456URK CRON[9062]: (CRON) info (No MTA installed, discarding output)
Feb 21 07:56:01 ismail-X456URK CRON[9068]: (ismail) CMD (/home/ismail/sisop/Modul1/pindah.sh)
Feb 21 07:56:01 ismail-X456URK CRON[9067]: (CRON) info (No MTA installed, discarding output)
Feb 21 07:56:48 ismail-X456URK dhclient[5392]: DHCPREQUEST of 10.151.253.161 on wlp3s0 to 10.151.252.2 port 67 (xid=0x452bf5ce)
Feb 21 07:56:48 ismail-X456URK dhclient[5392]: DHCPACK of 10.151.253.161 from 10.151.252.2
Feb 21 07:56:48 ismail-X456URK NetworkManager[813]: <info>  [1550710608.8727]   address 10.151.253.161
Feb 21 07:56:48 ismail-X456URK NetworkManager[813]: <info>  [1550710608.8728]   plen 22 (255.255.252.0)
Feb 21 07:56:48 ismail-X456URK NetworkManager[813]: <info>  [1550710608.8728]   gateway 10.151.252.1
Feb 21 07:56:48 ismail-X456URK NetworkManager[813]: <info>  [1550710608.8729]   server identifier 10.151.252.2
Feb 21 07:56:48 ismail-X456URK NetworkManager[813]: <info>  [1550710608.8729]   lease time 900
Feb 21 07:56:48 ismail-X456URK NetworkManager[813]: <info>  [1550710608.8729]   nameserver '103.94.190.10'
Feb 21 07:56:48 ismail-X456URK NetworkManager[813]: <info>  [1550710608.8730]   nameserver '202.46.129.2'
Feb 21 07:56:48 ismail-X456URK dbus[770]: [system] Activating via systemd: service name='org.freedesktop.nm_dispatcher' unit='dbus-org.freedesktop.nm-dispatcher.service'
Feb 21 07:56:48 ismail-X456URK NetworkManager[813]: <info>  [1550710608.8730]   domain name 'if.its.ac.id'
Feb 21 07:56:48 ismail-X456URK NetworkManager[813]: <info>  [1550710608.8731] dhcp4 (wlp3s0): state changed bound -> bound
Feb 21 07:56:48 ismail-X456URK systemd[1]: Starting Network Manager Script Dispatcher Service...
Feb 21 07:56:48 ismail-X456URK dbus[770]: [system] Successfully activated service 'org.freedesktop.nm_dispatcher'
Feb 21 07:56:48 ismail-X456URK systemd[1]: Started Network Manager Script Dispatcher Service.
Feb 21 07:56:48 ismail-X456URK nm-dispatcher: req:1 'dhcp4-change' [wlp3s0]: new request (1 scripts)
Feb 21 07:56:48 ismail-X456URK nm-dispatcher: req:1 'dhcp4-change' [wlp3s0]: start running ordered scripts...
Feb 21 07:56:48 ismail-X456URK dhclient[5392]: bound to 10.151.253.161 -- renewal in 343 seconds.
Feb 21 07:57:01 ismail-X456URK CRON[9087]: (ismail) CMD (/home/ismail/sisop/Modul1/pindah.sh)
Feb 21 07:57:01 ismail-X456URK CRON[9086]: (CRON) info (No MTA installed, discarding output)
Feb 21 07:58:01 ismail-X456URK CRON[9094]: (ismail) CMD (/home/ismail/sisop/Modul1/pindah.sh)
Feb 21 07:58:01 ismail-X456URK CRON[9093]: (CRON) info (No MTA installed, discarding output)
Feb 21 07:59:01 ismail-X456URK CRON[9102]: (ismail) CMD (/home/ismail/sisop/Modul1/pindah.sh)
Feb 21 07:59:01 ismail-X456URK CRON[9101]: (CRON) info (No MTA installed, discarding output)
Feb 21 08:00:01 ismail-X456URK CRON[9108]: (ismail) CMD (/home/ismail/sisop/Modul1/pindah.sh)
Feb 21 08:00:01 ismail-X456URK CRON[9107]: (CRON) info (No MTA installed, discarding output)
Feb 21 08:01:01 ismail-X456URK CRON[9113]: (ismail) CMD (/home/ismail/sisop/Modul1/pindah.sh)
Feb 21 08:01:01 ismail-X456URK CRON[9112]: (CRON) info (No MTA installed, discarding output)
Feb 21 08:02:01 ismail-X456URK CRON[9118]: (ismail) CMD (/home/ismail/sisop/Modul1/pindah.sh)
Feb 21 08:02:01 ismail-X456URK CRON[9117]: (CRON) info (No MTA installed, discarding output)
Feb 21 08:02:31 ismail-X456URK dhclient[5392]: DHCPREQUEST of 10.151.253.161 on wlp3s0 to 10.151.252.2 port 67 (xid=0x452bf5ce)
Feb 21 08:02:31 ismail-X456URK dhclient[5392]: DHCPACK of 10.151.253.161 from 10.151.252.2
Feb 21 08:02:31 ismail-X456URK NetworkManager[813]: <info>  [1550710951.3984]   address 10.151.253.161
Feb 21 08:02:31 ismail-X456URK NetworkManager[813]: <info>  [1550710951.3985]   plen 22 (255.255.252.0)
Feb 21 08:02:31 ismail-X456URK NetworkManager[813]: <info>  [1550710951.3985]   gateway 10.151.252.1
Feb 21 08:02:31 ismail-X456URK NetworkManager[813]: <info>  [1550710951.3985]   server identifier 10.151.252.2
Feb 21 08:02:31 ismail-X456URK NetworkManager[813]: <info>  [1550710951.3985]   lease time 900
Feb 21 08:02:31 ismail-X456URK NetworkManager[813]: <info>  [1550710951.3985]   nameserver '103.94.190.10'
Feb 21 08:02:31 ismail-X456URK NetworkManager[813]: <info>  [1550710951.3985]   nameserver '202.46.129.2'
Feb 21 08:02:31 ismail-X456URK NetworkManager[813]: <info>  [1550710951.3985]   domain name 'if.its.ac.id'
Feb 21 08:02:31 ismail-X456URK NetworkManager[813]: <info>  [1550710951.3985] dhcp4 (wlp3s0): state changed bound -> bound
Feb 21 08:02:31 ismail-X456URK dbus[770]: [system] Activating via systemd: service name='org.freedesktop.nm_dispatcher' unit='dbus-org.freedesktop.nm-dispatcher.service'
Feb 21 08:02:31 ismail-X456URK systemd[1]: Starting Network Manager Script Dispatcher Service...
Feb 21 08:02:31 ismail-X456URK dbus[770]: [system] Successfully activated service 'org.freedesktop.nm_dispatcher'
Feb 21 08:02:31 ismail-X456URK systemd[1]: Started Network Manager Script Dispatcher Service.
Feb 21 08:02:31 ismail-X456URK nm-dispatcher: req:1 'dhcp4-change' [wlp3s0]: new request (1 scripts)
Feb 21 08:02:31 ismail-X456URK nm-dispatcher: req:1 'dhcp4-change' [wlp3s0]: start running ordered scripts...
Feb 21 08:02:31 ismail-X456URK dhclient[5392]: bound to 10.151.253.161 -- renewal in 362 seconds.
Feb 21 08:03:01 ismail-X456URK CRON[9141]: (ismail) CMD (/home/ismail/sisop/Modul1/pindah.sh)
Feb 21 08:03:01 ismail-X456URK CRON[9140]: (CRON) info (No MTA installed, discarding output)
Feb 21 08:03:04 ismail-X456URK systemd-timesyncd[28134]: Timed out waiting for reply from 91.189.89.198:123 (ntp.ubuntu.com).
Feb 21 08:03:15 ismail-X456URK systemd-timesyncd[28134]: Timed out waiting for reply from 91.189.89.199:123 (ntp.ubuntu.com).
Feb 21 08:03:25 ismail-X456URK systemd-timesyncd[28134]: Timed out waiting for reply from 91.189.91.157:123 (ntp.ubuntu.com).
Feb 21 08:03:35 ismail-X456URK systemd-timesyncd[28134]: Timed out waiting for reply from 91.189.94.4:123 (ntp.ubuntu.com).
Feb 21 08:03:45 ismail-X456URK systemd-timesyncd[28134]: Timed out waiting for reply from [2001:67c:1560:8003::c8]:123 (ntp.ubuntu.com).
Feb 21 08:03:56 ismail-X456URK systemd-timesyncd[28134]: Timed out waiting for reply from [2001:67c:1560:8003::c7]:123 (ntp.ubuntu.com).
Feb 21 08:04:01 ismail-X456URK CRON[9146]: (ismail) CMD (/home/ismail/sisop/Modul1/pindah.sh)
Feb 21 08:04:01 ismail-X456URK CRON[9145]: (CRON) info (No MTA installed, discarding output)
Feb 21 08:05:01 ismail-X456URK CRON[9151]: (ismail) CMD (/home/ismail/sisop/Modul1/pindah.sh)
Feb 21 08:05:01 ismail-X456URK CRON[9150]: (CRON) info (No MTA installed, discarding output)
Feb 21 08:06:01 ismail-X456URK CRON[9156]: (ismail) CMD (/home/ismail/sisop/Modul1/pindah.sh)
Feb 21 08:06:01 ismail-X456URK CRON[9155]: (CRON) info (No MTA installed, discarding output)
Feb 21 08:07:02 ismail-X456URK CRON[9165]: (ismail) CMD (/home/ismail/sisop/Modul1/pindah.sh)
Feb 21 08:07:02 ismail-X456URK CRON[9164]: (CRON) info (No MTA installed, discarding output)
Feb 21 08:08:01 ismail-X456URK CRON[9172]: (ismail) CMD (/home/ismail/sisop/Modul1/pindah.sh)
Feb 21 08:08:01 ismail-X456URK CRON[9171]: (CRON) info (No MTA installed, discarding output)
Feb 21 08:08:33 ismail-X456URK dhclient[5392]: DHCPREQUEST of 10.151.253.161 on wlp3s0 to 10.151.252.2 port 67 (xid=0x452bf5ce)
Feb 21 08:08:33 ismail-X456URK dhclient[5392]: DHCPACK of 10.151.253.161 from 10.151.252.2
Feb 21 08:08:33 ismail-X456URK NetworkManager[813]: <info>  [1550711313.3030]   address 10.151.253.161
Feb 21 08:08:33 ismail-X456URK NetworkManager[813]: <info>  [1550711313.3031]   plen 22 (255.255.252.0)
Feb 21 08:08:33 ismail-X456URK NetworkManager[813]: <info>  [1550711313.3032]   gateway 10.151.252.1
Feb 21 08:08:33 ismail-X456URK NetworkManager[813]: <info>  [1550711313.3032]   server identifier 10.151.252.2
Feb 21 08:08:33 ismail-X456URK NetworkManager[813]: <info>  [1550711313.3032]   lease time 900
Feb 21 08:08:33 ismail-X456URK NetworkManager[813]: <info>  [1550711313.3033]   nameserver '103.94.190.10'
Feb 21 08:08:33 ismail-X456URK NetworkManager[813]: <info>  [1550711313.3033]   nameserver '202.46.129.2'
Feb 21 08:08:33 ismail-X456URK NetworkManager[813]: <info>  [1550711313.3034]   domain name 'if.its.ac.id'
Feb 21 08:08:33 ismail-X456URK NetworkManager[813]: <info>  [1550711313.3034] dhcp4 (wlp3s0): state changed bound -> bound
Feb 21 08:08:33 ismail-X456URK dbus[770]: [system] Activating via systemd: service name='org.freedesktop.nm_dispatcher' unit='dbus-org.freedesktop.nm-dispatcher.service'
Feb 21 08:08:33 ismail-X456URK systemd[1]: Starting Network Manager Script Dispatcher Service...
Feb 21 08:08:33 ismail-X456URK dbus[770]: [system] Successfully activated service 'org.freedesktop.nm_dispatcher'
Feb 21 08:08:33 ismail-X456URK systemd[1]: Started Network Manager Script Dispatcher Service.
Feb 21 08:08:33 ismail-X456URK nm-dispatcher: req:1 'dhcp4-change' [wlp3s0]: new request (1 scripts)
Feb 21 08:08:33 ismail-X456URK nm-dispatcher: req:1 'dhcp4-change' [wlp3s0]: start running ordered scripts...
Feb 21 08:08:33 ismail-X456URK dhclient[5392]: bound to 10.151.253.161 -- renewal in 376 seconds.
Feb 21 08:09:01 ismail-X456URK CRON[9193]: (root) CMD (  [ -x /usr/lib/php/sessionclean ] && /usr/lib/php/sessionclean)
Feb 21 08:09:01 ismail-X456URK CRON[9194]: (ismail) CMD (/home/ismail/sisop/Modul1/pindah.sh)
Feb 21 08:09:01 ismail-X456URK CRON[9192]: (CRON) info (No MTA installed, discarding output)
Feb 21 08:09:01 ismail-X456URK CRON[9191]: (CRON) info (No MTA installed, discarding output)
Feb 21 08:10:01 ismail-X456URK CRON[9239]: (ismail) CMD (/home/ismail/sisop/Modul1/pindah.sh)
Feb 21 08:10:01 ismail-X456URK CRON[9238]: (CRON) info (No MTA installed, discarding output)
Feb 21 08:11:01 ismail-X456URK CRON[9246]: (ismail) CMD (/home/ismail/sisop/Modul1/pindah.sh)
Feb 21 08:11:01 ismail-X456URK CRON[9245]: (CRON) info (No MTA installed, discarding output)
Feb 21 08:11:56 ismail-X456URK org.gnome.evolution.dataserver.Sources5[5513]: ** (evolution-source-registry:5845): WARNING **: secret_service_search_sync: must specify at least one attribute to match
Feb 21 08:12:01 ismail-X456URK CRON[9262]: (ismail) CMD (/home/ismail/sisop/Modul1/pindah.sh)
Feb 21 08:12:01 ismail-X456URK CRON[9261]: (CRON) info (No MTA installed, discarding output)
Feb 21 08:13:01 ismail-X456URK CRON[9272]: (ismail) CMD (/home/ismail/sisop/Modul1/pindah.sh)
Feb 21 08:13:01 ismail-X456URK CRON[9271]: (CRON) info (No MTA installed, discarding output)
Feb 21 08:14:01 ismail-X456URK CRON[9277]: (ismail) CMD (/home/ismail/sisop/Modul1/pindah.sh)
Feb 21 08:14:01 ismail-X456URK CRON[9276]: (CRON) info (No MTA installed, discarding output)
Feb 21 08:14:50 ismail-X456URK dhclient[5392]: DHCPREQUEST of 10.151.253.161 on wlp3s0 to 10.151.252.2 port 67 (xid=0x452bf5ce)
Feb 21 08:14:50 ismail-X456URK dhclient[5392]: DHCPACK of 10.151.253.161 from 10.151.252.2
Feb 21 08:14:50 ismail-X456URK NetworkManager[813]: <info>  [1550711690.4526]   address 10.151.253.161
Feb 21 08:14:50 ismail-X456URK NetworkManager[813]: <info>  [1550711690.4527]   plen 22 (255.255.252.0)
Feb 21 08:14:50 ismail-X456URK NetworkManager[813]: <info>  [1550711690.4527]   gateway 10.151.252.1
Feb 21 08:14:50 ismail-X456URK NetworkManager[813]: <info>  [1550711690.4528]   server identifier 10.151.252.2
Feb 21 08:14:50 ismail-X456URK NetworkManager[813]: <info>  [1550711690.4528]   lease time 900
Feb 21 08:14:50 ismail-X456URK NetworkManager[813]: <info>  [1550711690.4528]   nameserver '103.94.190.10'
Feb 21 08:14:50 ismail-X456URK NetworkManager[813]: <info>  [1550711690.4529]   nameserver '202.46.129.2'
Feb 21 08:14:50 ismail-X456URK NetworkManager[813]: <info>  [1550711690.4529]   domain name 'if.its.ac.id'
Feb 21 08:14:50 ismail-X456URK dbus[770]: [system] Activating via systemd: service name='org.freedesktop.nm_dispatcher' unit='dbus-org.freedesktop.nm-dispatcher.service'
Feb 21 08:14:50 ismail-X456URK NetworkManager[813]: <info>  [1550711690.4530] dhcp4 (wlp3s0): state changed bound -> bound
Feb 21 08:14:50 ismail-X456URK systemd[1]: Starting Network Manager Script Dispatcher Service...
Feb 21 08:14:50 ismail-X456URK dbus[770]: [system] Successfully activated service 'org.freedesktop.nm_dispatcher'
Feb 21 08:14:50 ismail-X456URK systemd[1]: Started Network Manager Script Dispatcher Service.
Feb 21 08:14:50 ismail-X456URK nm-dispatcher: req:1 'dhcp4-change' [wlp3s0]: new request (1 scripts)
Feb 21 08:14:50 ismail-X456URK nm-dispatcher: req:1 'dhcp4-change' [wlp3s0]: start running ordered scripts...
Feb 21 08:14:50 ismail-X456URK dhclient[5392]: bound to 10.151.253.161 -- renewal in 429 seconds.
Feb 21 08:15:01 ismail-X456URK CRON[9297]: (ismail) CMD (/home/ismail/sisop/Modul1/pindah.sh)
Feb 21 08:15:01 ismail-X456URK CRON[9296]: (CRON) info (No MTA installed, discarding output)
Feb 21 08:16:01 ismail-X456URK CRON[9302]: (ismail) CMD (/home/ismail/sisop/Modul1/pindah.sh)
Feb 21 08:16:01 ismail-X456URK CRON[9301]: (CRON) info (No MTA installed, discarding output)
Feb 21 08:17:01 ismail-X456URK CRON[9310]: (root) CMD (   cd / && run-parts --report /etc/cron.hourly)
Feb 21 08:17:01 ismail-X456URK CRON[9311]: (ismail) CMD (/home/ismail/sisop/Modul1/pindah.sh)
Feb 21 08:17:01 ismail-X456URK CRON[9309]: (CRON) info (No MTA installed, discarding output)
Feb 21 08:18:01 ismail-X456URK CRON[9319]: (ismail) CMD (/home/ismail/sisop/Modul1/pindah.sh)
Feb 21 08:18:01 ismail-X456URK CRON[9318]: (CRON) info (No MTA installed, discarding output)
Feb 21 08:18:25 ismail-X456URK kernel: [124892.667518] perf: interrupt took too long (6255 > 6251), lowering kernel.perf_event_max_sample_rate to 31750
Feb 21 08:19:01 ismail-X456URK CRON[9329]: (ismail) CMD (/home/ismail/sisop/Modul1/pindah.sh)
Feb 21 08:19:01 ismail-X456URK CRON[9328]: (CRON) info (No MTA installed, discarding output)
Feb 21 08:20:01 ismail-X456URK CRON[9335]: (ismail) CMD (/home/ismail/sisop/Modul1/pindah.sh)
Feb 21 08:20:01 ismail-X456URK CRON[9334]: (CRON) info (No MTA installed, discarding output)
Feb 21 08:21:01 ismail-X456URK CRON[9343]: (ismail) CMD (/home/ismail/sisop/Modul1/pindah.sh)
Feb 21 08:21:01 ismail-X456URK CRON[9342]: (CRON) info (No MTA installed, discarding output)
Feb 21 08:21:59 ismail-X456URK dhclient[5392]: DHCPREQUEST of 10.151.253.161 on wlp3s0 to 10.151.252.2 port 67 (xid=0x452bf5ce)
Feb 21 08:21:59 ismail-X456URK dhclient[5392]: DHCPACK of 10.151.253.161 from 10.151.252.2
Feb 21 08:21:59 ismail-X456URK NetworkManager[813]: <info>  [1550712119.1819]   address 10.151.253.161
Feb 21 08:21:59 ismail-X456URK NetworkManager[813]: <info>  [1550712119.1820]   plen 22 (255.255.252.0)
Feb 21 08:21:59 ismail-X456URK NetworkManager[813]: <info>  [1550712119.1820]   gateway 10.151.252.1
Feb 21 08:21:59 ismail-X456URK NetworkManager[813]: <info>  [1550712119.1821]   server identifier 10.151.252.2
Feb 21 08:21:59 ismail-X456URK NetworkManager[813]: <info>  [1550712119.1821]   lease time 900
Feb 21 08:21:59 ismail-X456URK NetworkManager[813]: <info>  [1550712119.1821]   nameserver '103.94.190.10'
Feb 21 08:21:59 ismail-X456URK NetworkManager[813]: <info>  [1550712119.1823]   nameserver '202.46.129.2'
Feb 21 08:21:59 ismail-X456URK NetworkManager[813]: <info>  [1550712119.1823]   domain name 'if.its.ac.id'
Feb 21 08:21:59 ismail-X456URK NetworkManager[813]: <info>  [1550712119.1824] dhcp4 (wlp3s0): state changed bound -> bound
Feb 21 08:21:59 ismail-X456URK dbus[770]: [system] Activating via systemd: service name='org.freedesktop.nm_dispatcher' unit='dbus-org.freedesktop.nm-dispatcher.service'
Feb 21 08:21:59 ismail-X456URK systemd[1]: Starting Network Manager Script Dispatcher Service...
Feb 21 08:21:59 ismail-X456URK dbus[770]: [system] Successfully activated service 'org.freedesktop.nm_dispatcher'
Feb 21 08:21:59 ismail-X456URK systemd[1]: Started Network Manager Script Dispatcher Service.
Feb 21 08:21:59 ismail-X456URK nm-dispatcher: req:1 'dhcp4-change' [wlp3s0]: new request (1 scripts)
Feb 21 08:21:59 ismail-X456URK nm-dispatcher: req:1 'dhcp4-change' [wlp3s0]: start running ordered scripts...
Feb 21 08:21:59 ismail-X456URK dhclient[5392]: bound to 10.151.253.161 -- renewal in 406 seconds.
Feb 21 08:22:01 ismail-X456URK CRON[9357]: (ismail) CMD (/home/ismail/sisop/Modul1/pindah.sh)
Feb 21 08:22:01 ismail-X456URK CRON[9356]: (CRON) info (No MTA installed, discarding output)
Feb 21 08:23:01 ismail-X456URK CRON[9367]: (ismail) CMD (/home/ismail/sisop/Modul1/pindah.sh)
Feb 21 08:23:01 ismail-X456URK CRON[9366]: (CRON) info (No MTA installed, discarding output)
Feb 21 08:24:01 ismail-X456URK CRON[9372]: (ismail) CMD (/home/ismail/sisop/Modul1/pindah.sh)
Feb 21 08:24:01 ismail-X456URK CRON[9371]: (CRON) info (No MTA installed, discarding output)
Feb 21 08:25:01 ismail-X456URK CRON[9381]: (ismail) CMD (/home/ismail/sisop/Modul1/pindah.sh)
Feb 21 08:25:01 ismail-X456URK CRON[9380]: (CRON) info (No MTA installed, discarding output)
Feb 21 08:26:01 ismail-X456URK CRON[9386]: (ismail) CMD (/home/ismail/sisop/Modul1/pindah.sh)
Feb 21 08:26:01 ismail-X456URK CRON[9385]: (CRON) info (No MTA installed, discarding output)
Feb 21 08:27:01 ismail-X456URK CRON[9393]: (ismail) CMD (/home/ismail/sisop/Modul1/pindah.sh)
Feb 21 08:27:01 ismail-X456URK CRON[9392]: (CRON) info (No MTA installed, discarding output)
Feb 21 08:28:01 ismail-X456URK CRON[9400]: (ismail) CMD (/home/ismail/sisop/Modul1/pindah.sh)
Feb 21 08:28:01 ismail-X456URK CRON[9399]: (CRON) info (No MTA installed, discarding output)
Feb 21 08:28:45 ismail-X456URK dhclient[5392]: DHCPREQUEST of 10.151.253.161 on wlp3s0 to 10.151.252.2 port 67 (xid=0x452bf5ce)
Feb 21 08:28:45 ismail-X456URK dhclient[5392]: DHCPACK of 10.151.253.161 from 10.151.252.2
Feb 21 08:28:45 ismail-X456URK NetworkManager[813]: <info>  [1550712525.4368]   address 10.151.253.161
Feb 21 08:28:45 ismail-X456URK NetworkManager[813]: <info>  [1550712525.4369]   plen 22 (255.255.252.0)
Feb 21 08:28:45 ismail-X456URK NetworkManager[813]: <info>  [1550712525.4369]   gateway 10.151.252.1
Feb 21 08:28:45 ismail-X456URK NetworkManager[813]: <info>  [1550712525.4369]   server identifier 10.151.252.2
Feb 21 08:28:45 ismail-X456URK NetworkManager[813]: <info>  [1550712525.4369]   lease time 900
Feb 21 08:28:45 ismail-X456URK NetworkManager[813]: <info>  [1550712525.4369]   nameserver '103.94.190.10'
Feb 21 08:28:45 ismail-X456URK NetworkManager[813]: <info>  [1550712525.4369]   nameserver '202.46.129.2'
Feb 21 08:28:45 ismail-X456URK NetworkManager[813]: <info>  [1550712525.4369]   domain name 'if.its.ac.id'
Feb 21 08:28:45 ismail-X456URK NetworkManager[813]: <info>  [1550712525.4370] dhcp4 (wlp3s0): state changed bound -> bound
Feb 21 08:28:45 ismail-X456URK dbus[770]: [system] Activating via systemd: service name='org.freedesktop.nm_dispatcher' unit='dbus-org.freedesktop.nm-dispatcher.service'
Feb 21 08:28:45 ismail-X456URK systemd[1]: Starting Network Manager Script Dispatcher Service...
Feb 21 08:28:45 ismail-X456URK dbus[770]: [system] Successfully activated service 'org.freedesktop.nm_dispatcher'
Feb 21 08:28:45 ismail-X456URK systemd[1]: Started Network Manager Script Dispatcher Service.
Feb 21 08:28:45 ismail-X456URK nm-dispatcher: req:1 'dhcp4-change' [wlp3s0]: new request (1 scripts)
Feb 21 08:28:45 ismail-X456URK nm-dispatcher: req:1 'dhcp4-change' [wlp3s0]: start running ordered scripts...
Feb 21 08:28:45 ismail-X456URK dhclient[5392]: bound to 10.151.253.161 -- renewal in 373 seconds.
Feb 21 08:29:01 ismail-X456URK CRON[9419]: (ismail) CMD (/home/ismail/sisop/Modul1/pindah.sh)
Feb 21 08:29:01 ismail-X456URK CRON[9418]: (CRON) info (No MTA installed, discarding output)
Feb 21 08:30:01 ismail-X456URK CRON[9424]: (ismail) CMD (/home/ismail/sisop/Modul1/pindah.sh)
Feb 21 08:30:01 ismail-X456URK CRON[9423]: (CRON) info (No MTA installed, discarding output)
Feb 21 08:31:01 ismail-X456URK CRON[9432]: (ismail) CMD (/home/ismail/sisop/Modul1/pindah.sh)
Feb 21 08:31:01 ismail-X456URK CRON[9431]: (CRON) info (No MTA installed, discarding output)
Feb 21 08:32:01 ismail-X456URK CRON[9437]: (ismail) CMD (/home/ismail/sisop/Modul1/pindah.sh)
Feb 21 08:32:01 ismail-X456URK CRON[9436]: (CRON) info (No MTA installed, discarding output)
Feb 21 08:33:01 ismail-X456URK CRON[9449]: (ismail) CMD (/home/ismail/sisop/Modul1/pindah.sh)
Feb 21 08:33:01 ismail-X456URK CRON[9448]: (CRON) info (No MTA installed, discarding output)
Feb 21 08:34:01 ismail-X456URK CRON[9455]: (ismail) CMD (/home/ismail/sisop/Modul1/pindah.sh)
Feb 21 08:34:01 ismail-X456URK CRON[9454]: (CRON) info (No MTA installed, discarding output)
Feb 21 08:34:58 ismail-X456URK dhclient[5392]: DHCPREQUEST of 10.151.253.161 on wlp3s0 to 10.151.252.2 port 67 (xid=0x452bf5ce)
Feb 21 08:34:58 ismail-X456URK dhclient[5392]: DHCPACK of 10.151.253.161 from 10.151.252.2
Feb 21 08:34:58 ismail-X456URK NetworkManager[813]: <info>  [1550712898.5338]   address 10.151.253.161
Feb 21 08:34:58 ismail-X456URK NetworkManager[813]: <info>  [1550712898.5339]   plen 22 (255.255.252.0)
Feb 21 08:34:58 ismail-X456URK NetworkManager[813]: <info>  [1550712898.5340]   gateway 10.151.252.1
Feb 21 08:34:58 ismail-X456URK NetworkManager[813]: <info>  [1550712898.5340]   server identifier 10.151.252.2
Feb 21 08:34:58 ismail-X456URK NetworkManager[813]: <info>  [1550712898.5341]   lease time 900
Feb 21 08:34:58 ismail-X456URK NetworkManager[813]: <info>  [1550712898.5341]   nameserver '103.94.190.10'
Feb 21 08:34:58 ismail-X456URK NetworkManager[813]: <info>  [1550712898.5343]   nameserver '202.46.129.2'
Feb 21 08:34:58 ismail-X456URK NetworkManager[813]: <info>  [1550712898.5343]   domain name 'if.its.ac.id'
Feb 21 08:34:58 ismail-X456URK NetworkManager[813]: <info>  [1550712898.5344] dhcp4 (wlp3s0): state changed bound -> bound
Feb 21 08:34:58 ismail-X456URK dbus[770]: [system] Activating via systemd: service name='org.freedesktop.nm_dispatcher' unit='dbus-org.freedesktop.nm-dispatcher.service'
Feb 21 08:34:58 ismail-X456URK systemd[1]: Starting Network Manager Script Dispatcher Service...
Feb 21 08:34:58 ismail-X456URK dbus[770]: [system] Successfully activated service 'org.freedesktop.nm_dispatcher'
Feb 21 08:34:58 ismail-X456URK systemd[1]: Started Network Manager Script Dispatcher Service.
Feb 21 08:34:58 ismail-X456URK nm-dispatcher: req:1 'dhcp4-change' [wlp3s0]: new request (1 scripts)
Feb 21 08:34:58 ismail-X456URK nm-dispatcher: req:1 'dhcp4-change' [wlp3s0]: start running ordered scripts...
Feb 21 08:34:58 ismail-X456URK dhclient[5392]: bound to 10.151.253.161 -- renewal in 342 seconds.
Feb 21 08:35:01 ismail-X456URK CRON[9470]: (ismail) CMD (/home/ismail/sisop/Modul1/pindah.sh)
Feb 21 08:35:01 ismail-X456URK CRON[9469]: (CRON) info (No MTA installed, discarding output)
Feb 21 08:36:01 ismail-X456URK CRON[9477]: (ismail) CMD (/home/ismail/sisop/Modul1/pindah.sh)
Feb 21 08:36:01 ismail-X456URK CRON[9476]: (CRON) info (No MTA installed, discarding output)
Feb 21 08:37:01 ismail-X456URK CRON[9485]: (ismail) CMD (/home/ismail/sisop/Modul1/pindah.sh)
Feb 21 08:37:01 ismail-X456URK CRON[9484]: (CRON) info (No MTA installed, discarding output)
Feb 21 08:38:01 ismail-X456URK CRON[9492]: (ismail) CMD (/home/ismail/sisop/Modul1/pindah.sh)
Feb 21 08:38:01 ismail-X456URK CRON[9491]: (CRON) info (No MTA installed, discarding output)
Feb 21 08:38:14 ismail-X456URK systemd-timesyncd[28134]: Timed out waiting for reply from 91.189.89.198:123 (ntp.ubuntu.com).
Feb 21 08:38:24 ismail-X456URK systemd-timesyncd[28134]: Timed out waiting for reply from 91.189.94.4:123 (ntp.ubuntu.com).
Feb 21 08:38:35 ismail-X456URK systemd-timesyncd[28134]: Timed out waiting for reply from 91.189.91.157:123 (ntp.ubuntu.com).
Feb 21 08:38:45 ismail-X456URK systemd-timesyncd[28134]: Timed out waiting for reply from 91.189.89.199:123 (ntp.ubuntu.com).
Feb 21 08:38:55 ismail-X456URK systemd-timesyncd[28134]: Timed out waiting for reply from [2001:67c:1560:8003::c7]:123 (ntp.ubuntu.com).
Feb 21 08:39:01 ismail-X456URK CRON[9501]: (root) CMD (  [ -x /usr/lib/php/sessionclean ] && /usr/lib/php/sessionclean)
Feb 21 08:39:01 ismail-X456URK CRON[9502]: (ismail) CMD (/home/ismail/sisop/Modul1/pindah.sh)
Feb 21 08:39:01 ismail-X456URK CRON[9500]: (CRON) info (No MTA installed, discarding output)
Feb 21 08:39:01 ismail-X456URK CRON[9499]: (CRON) info (No MTA installed, discarding output)
Feb 21 08:39:05 ismail-X456URK systemd-timesyncd[28134]: Timed out waiting for reply from [2001:67c:1560:8003::c8]:123 (ntp.ubuntu.com).
Feb 21 08:40:01 ismail-X456URK CRON[9556]: (ismail) CMD (/home/ismail/sisop/Modul1/pindah.sh)
Feb 21 08:40:01 ismail-X456URK CRON[9555]: (CRON) info (No MTA installed, discarding output)
Feb 21 08:40:41 ismail-X456URK dhclient[5392]: DHCPREQUEST of 10.151.253.161 on wlp3s0 to 10.151.252.2 port 67 (xid=0x452bf5ce)
Feb 21 08:40:41 ismail-X456URK dhclient[5392]: DHCPACK of 10.151.253.161 from 10.151.252.2
Feb 21 08:40:41 ismail-X456URK NetworkManager[813]: <info>  [1550713241.0223]   address 10.151.253.161
Feb 21 08:40:41 ismail-X456URK NetworkManager[813]: <info>  [1550713241.0224]   plen 22 (255.255.252.0)
Feb 21 08:40:41 ismail-X456URK NetworkManager[813]: <info>  [1550713241.0224]   gateway 10.151.252.1
Feb 21 08:40:41 ismail-X456URK NetworkManager[813]: <info>  [1550713241.0224]   server identifier 10.151.252.2
Feb 21 08:40:41 ismail-X456URK NetworkManager[813]: <info>  [1550713241.0224]   lease time 900
Feb 21 08:40:41 ismail-X456URK NetworkManager[813]: <info>  [1550713241.0224]   nameserver '103.94.190.10'
Feb 21 08:40:41 ismail-X456URK NetworkManager[813]: <info>  [1550713241.0224]   nameserver '202.46.129.2'
Feb 21 08:40:41 ismail-X456URK NetworkManager[813]: <info>  [1550713241.0224]   domain name 'if.its.ac.id'
Feb 21 08:40:41 ismail-X456URK dbus[770]: [system] Activating via systemd: service name='org.freedesktop.nm_dispatcher' unit='dbus-org.freedesktop.nm-dispatcher.service'
Feb 21 08:40:41 ismail-X456URK NetworkManager[813]: <info>  [1550713241.0224] dhcp4 (wlp3s0): state changed bound -> bound
Feb 21 08:40:41 ismail-X456URK systemd[1]: Starting Network Manager Script Dispatcher Service...
Feb 21 08:40:41 ismail-X456URK dbus[770]: [system] Successfully activated service 'org.freedesktop.nm_dispatcher'
Feb 21 08:40:41 ismail-X456URK systemd[1]: Started Network Manager Script Dispatcher Service.
Feb 21 08:40:41 ismail-X456URK nm-dispatcher: req:1 'dhcp4-change' [wlp3s0]: new request (1 scripts)
Feb 21 08:40:41 ismail-X456URK nm-dispatcher: req:1 'dhcp4-change' [wlp3s0]: start running ordered scripts...
Feb 21 08:40:41 ismail-X456URK dhclient[5392]: bound to 10.151.253.161 -- renewal in 432 seconds.
Feb 21 08:41:01 ismail-X456URK CRON[9574]: (ismail) CMD (/home/ismail/sisop/Modul1/pindah.sh)
Feb 21 08:41:01 ismail-X456URK CRON[9573]: (CRON) info (No MTA installed, discarding output)
Feb 21 08:42:01 ismail-X456URK CRON[9580]: (ismail) CMD (/home/ismail/sisop/Modul1/pindah.sh)
Feb 21 08:42:01 ismail-X456URK CRON[9579]: (CRON) info (No MTA installed, discarding output)
Feb 21 08:43:01 ismail-X456URK CRON[9592]: (ismail) CMD (/home/ismail/sisop/Modul1/pindah.sh)
Feb 21 08:43:01 ismail-X456URK CRON[9591]: (CRON) info (No MTA installed, discarding output)
Feb 21 08:44:01 ismail-X456URK CRON[9599]: (ismail) CMD (/home/ismail/sisop/Modul1/pindah.sh)
Feb 21 08:44:01 ismail-X456URK CRON[9598]: (CRON) info (No MTA installed, discarding output)
Feb 21 08:45:01 ismail-X456URK CRON[9608]: (ismail) CMD (/home/ismail/sisop/Modul1/pindah.sh)
Feb 21 08:45:01 ismail-X456URK CRON[9607]: (CRON) info (No MTA installed, discarding output)
Feb 21 08:46:01 ismail-X456URK CRON[9613]: (ismail) CMD (/home/ismail/sisop/Modul1/pindah.sh)
Feb 21 08:46:01 ismail-X456URK CRON[9612]: (CRON) info (No MTA installed, discarding output)
Feb 21 08:46:53 ismail-X456URK gnome-session[5770]: gnome-session-binary[5770]: GLib-GObject-CRITICAL: g_object_unref: assertion 'G_IS_OBJECT (object)' failed
Feb 21 08:46:53 ismail-X456URK gnome-session[5770]: message repeated 2 times: [ gnome-session-binary[5770]: GLib-GObject-CRITICAL: g_object_unref: assertion 'G_IS_OBJECT (object)' failed]
Feb 21 08:46:53 ismail-X456URK gnome-session-binary[5770]: GLib-GObject-CRITICAL: g_object_unref: assertion 'G_IS_OBJECT (object)' failed
Feb 21 08:46:53 ismail-X456URK gnome-session-binary[5770]: message repeated 2 times: [ GLib-GObject-CRITICAL: g_object_unref: assertion 'G_IS_OBJECT (object)' failed]
Feb 21 08:46:53 ismail-X456URK gnome-session[5770]: gnome-session-binary[5770]: GLib-GObject-CRITICAL: g_object_unref: assertion 'G_IS_OBJECT (object)' failed
Feb 21 08:46:53 ismail-X456URK gnome-session[5770]: message repeated 2 times: [ gnome-session-binary[5770]: GLib-GObject-CRITICAL: g_object_unref: assertion 'G_IS_OBJECT (object)' failed]
Feb 21 08:46:53 ismail-X456URK gnome-session-binary[5770]: GLib-GObject-CRITICAL: g_object_unref: assertion 'G_IS_OBJECT (object)' failed
Feb 21 08:46:53 ismail-X456URK gnome-session-binary[5770]: message repeated 2 times: [ GLib-GObject-CRITICAL: g_object_unref: assertion 'G_IS_OBJECT (object)' failed]
Feb 21 08:46:53 ismail-X456URK systemd[1]: Stopping Daemon for power management...
Feb 21 08:46:53 ismail-X456URK systemd[1]: Stopping Manage, Install and Generate Color Profiles...
Feb 21 08:46:53 ismail-X456URK systemd[1]: Stopping User Manager for UID 1000...
Feb 21 08:46:53 ismail-X456URK systemd[1]: Stopping Authenticate and Authorize Users to Run Privileged Tasks...
Feb 21 08:46:53 ismail-X456URK systemd[1]: Stopping RealtimeKit Scheduling Policy Service...
Feb 21 08:46:53 ismail-X456URK systemd[1]: Stopping ACPI event daemon...
Feb 21 08:46:53 ismail-X456URK systemd[1]: Stopping Disk Manager...
Feb 21 08:46:53 ismail-X456URK systemd[1]: Stopped target Sound Card.
Feb 21 08:46:53 ismail-X456URK systemd[1]: Stopped target Bluetooth.
Feb 21 08:46:53 ismail-X456URK systemd[1]: Closed Load/Save RF Kill Switch Status /dev/rfkill Watch.
Feb 21 08:46:53 ismail-X456URK systemd[1]: Stopped target Timers.
Feb 21 08:46:53 ismail-X456URK systemd[1]: Stopped Daily apt upgrade and clean activities.
Feb 21 08:46:53 ismail-X456URK systemd[1]: Stopped Daily Cleanup of Temporary Directories.
Feb 21 08:46:53 ismail-X456URK systemd[5373]: Reached target Shutdown.
Feb 21 08:46:53 ismail-X456URK systemd[5373]: Starting Exit the Session...
Feb 21 08:46:53 ismail-X456URK systemd[5373]: Stopped target Default.
Feb 21 08:46:53 ismail-X456URK systemd[5373]: Stopped target Basic System.
Feb 21 08:46:53 ismail-X456URK systemd[5373]: Stopped target Sockets.
Feb 21 08:46:53 ismail-X456URK systemd[5373]: Stopped target Timers.
Feb 21 08:46:53 ismail-X456URK systemd[5373]: Stopped target Paths.
Feb 21 08:46:53 ismail-X456URK systemd[1]: Stopping Session c2 of user ismail.
Feb 21 08:46:53 ismail-X456URK systemd[1]: Stopping CUPS Scheduler...
Feb 21 08:46:53 ismail-X456URK systemd[1]: Stopped Daily apt download activities.
Feb 21 08:46:53 ismail-X456URK systemd[1]: Stopped target System Time Synchronized.
Feb 21 08:46:53 ismail-X456URK systemd[1]: Stopping Save/Restore Sound Card State...
Feb 21 08:46:53 ismail-X456URK systemd[1]: Stopped Stop ureadahead data collection 45s after completed startup.
Feb 21 08:46:53 ismail-X456URK systemd[1]: Stopped target Graphical Interface.
Feb 21 08:46:53 ismail-X456URK systemd[1]: Stopping Light Display Manager...
Feb 21 08:46:53 ismail-X456URK systemd[1]: Stopped target Multi-User System.
Feb 21 08:46:53 ismail-X456URK systemd[1]: Stopping LSB: daemon to balance interrupts for SMP systems...
Feb 21 08:46:53 ismail-X456URK systemd[1]: Stopping LSB: Speech Dispatcher...
Feb 21 08:46:53 ismail-X456URK systemd[1]: Stopping Avahi mDNS/DNS-SD Stack...
Feb 21 08:46:53 ismail-X456URK systemd[1]: Stopping MySQL Community Server...
Feb 21 08:46:53 ismail-X456URK systemd[1]: Stopping crash report submission daemon...
Feb 21 07:35:02 ismail-X456URK rsyslogd: [origin software="rsyslogd" swVersion="8.16.0" x-pid="757" x-info="http://www.rsyslog.com"] rsyslogd was HUPed
Feb 21 08:46:53 ismail-X456URK rsyslogd: [origin software="rsyslogd" swVersion="8.16.0" x-pid="757" x-info="http://www.rsyslog.com"] exiting on signal 15.
Feb 22 00:58:15 ismail-X456URK rsyslogd: [origin software="rsyslogd" swVersion="8.16.0" x-pid="783" x-info="http://www.rsyslog.com"] start
Feb 22 00:58:15 ismail-X456URK rsyslogd-2222: command 'KLogPermitNonKernelFacility' is currently not permitted - did you already set it via a RainerScript command (v6+ config)? [v8.16.0 try http://www.rsyslog.com/e/2222 ]
Feb 22 00:58:15 ismail-X456URK rsyslogd: rsyslogd's groupid changed to 108
Feb 22 00:58:15 ismail-X456URK rsyslogd: rsyslogd's userid changed to 104
Feb 22 00:58:15 ismail-X456URK systemd-modules-load[256]: Inserted module 'lp'
Feb 22 00:58:15 ismail-X456URK systemd-modules-load[256]: Inserted module 'ppdev'
Feb 22 00:58:15 ismail-X456URK systemd-modules-load[256]: Inserted module 'parport_pc'
Feb 22 00:58:15 ismail-X456URK systemd[1]: Starting Flush Journal to Persistent Storage...
Feb 22 00:58:15 ismail-X456URK systemd[1]: Started Load/Save Random Seed.
Feb 22 00:58:15 ismail-X456URK systemd[1]: Started Apply Kernel Variables.
Feb 22 00:58:15 ismail-X456URK loadkeys[258]: Loading /etc/console-setup/cached.kmap.gz
Feb 22 00:58:15 ismail-X456URK systemd[1]: Started Set console keymap.
Feb 22 00:58:15 ismail-X456URK systemd[1]: Started Flush Journal to Persistent Storage.
Feb 22 00:58:15 ismail-X456URK systemd[1]: Started udev Coldplug all Devices.
Feb 22 00:58:15 ismail-X456URK systemd[1]: Started Create Static Device Nodes in /dev.
Feb 22 00:58:15 ismail-X456URK systemd[1]: Reached target Local File Systems (Pre).
Feb 22 00:58:15 ismail-X456URK systemd[1]: Starting udev Kernel Device Manager...
Feb 22 00:58:15 ismail-X456URK systemd[1]: Started udev Kernel Device Manager.
Feb 22 00:58:15 ismail-X456URK systemd[1]: Starting Show Plymouth Boot Screen...
Feb 22 00:58:15 ismail-X456URK systemd[1]: Started Show Plymouth Boot Screen.
Feb 22 00:58:15 ismail-X456URK systemd[1]: Started Forward Password Requests to Plymouth Directory Watch.
Feb 22 00:58:15 ismail-X456URK rsyslogd-2039: Could not open output pipe '/dev/xconsole':: No such file or directory [v8.16.0 try http://www.rsyslog.com/e/2039 ]
Feb 22 00:58:15 ismail-X456URK systemd[1]: Created slice system-systemd\x2dbacklight.slice.
Feb 22 00:58:15 ismail-X456URK systemd[1]: Starting Load/Save Screen Backlight Brightness of backlight:intel_backlight...
Feb 22 00:58:15 ismail-X456URK systemd[1]: Started Load/Save Screen Backlight Brightness of backlight:intel_backlight.
Feb 22 00:58:15 ismail-X456URK mtp-probe: checking bus 1, device 2: "/sys/devices/pci0000:00/0000:00:14.0/usb1/1-6"
Feb 22 00:58:15 ismail-X456URK mtp-probe: bus: 1, device: 2 was not an MTP device
Feb 22 00:58:15 ismail-X456URK systemd[1]: Listening on Load/Save RF Kill Switch Status /dev/rfkill Watch.
Feb 22 00:58:15 ismail-X456URK rsyslogd-2007: action 'action 10' suspended, next retry is Fri Feb 22 00:58:45 2019 [v8.16.0 try http://www.rsyslog.com/e/2007 ]
Feb 22 00:58:15 ismail-X456URK systemd[1]: Starting Load/Save RF Kill Switch Status...
Feb 22 00:58:15 ismail-X456URK kernel: [    0.000000] Linux version 4.10.0-28-generic (buildd@lgw01-12) (gcc version 5.4.0 20160609 (Ubuntu 5.4.0-6ubuntu1~16.04.4) ) #32~16.04.2-Ubuntu SMP Thu Jul 20 10:19:48 UTC 2017 (Ubuntu 4.10.0-28.32~16.04.2-generic 4.10.17)
Feb 22 00:58:15 ismail-X456URK systemd[1]: Started Load/Save RF Kill Switch Status.
Feb 22 00:58:15 ismail-X456URK kernel: [    0.000000] Command line: BOOT_IMAGE=/boot/vmlinuz-4.10.0-28-generic.efi.signed root=UUID=f8f4f80f-ace2-4293-8eb0-46acb26de6d3 ro quiet splash vt.handoff=7
Feb 22 00:58:15 ismail-X456URK kernel: [    0.000000] KERNEL supported cpus:
Feb 22 00:58:15 ismail-X456URK kernel: [    0.000000]   Intel GenuineIntel
Feb 22 00:58:15 ismail-X456URK systemd[1]: Reached target Sound Card.
Feb 22 00:58:15 ismail-X456URK kernel: [    0.000000]   AMD AuthenticAMD
Feb 22 00:58:15 ismail-X456URK kernel: [    0.000000]   Centaur CentaurHauls
Feb 22 00:58:15 ismail-X456URK kernel: [    0.000000] x86/fpu: Supporting XSAVE feature 0x001: 'x87 floating point registers'
Feb 22 00:58:15 ismail-X456URK kernel: [    0.000000] x86/fpu: Supporting XSAVE feature 0x002: 'SSE registers'
Feb 22 00:58:15 ismail-X456URK systemd[1]: Found device HGST_HTS541010A9E680 3.
Feb 22 00:58:15 ismail-X456URK kernel: [    0.000000] x86/fpu: Supporting XSAVE feature 0x004: 'AVX registers'
Feb 22 00:58:15 ismail-X456URK kernel: [    0.000000] x86/fpu: Supporting XSAVE feature 0x008: 'MPX bounds registers'
Feb 22 00:58:15 ismail-X456URK systemd[1]: Starting File System Check on /dev/disk/by-uuid/AE71-CCE2...
Feb 22 00:58:15 ismail-X456URK kernel: [    0.000000] x86/fpu: Supporting XSAVE feature 0x010: 'MPX CSR'
Feb 22 00:58:15 ismail-X456URK kernel: [    0.000000] x86/fpu: xstate_offset[2]:  576, xstate_sizes[2]:  256
Feb 22 00:58:15 ismail-X456URK kernel: [    0.000000] x86/fpu: xstate_offset[3]:  832, xstate_sizes[3]:   64
Feb 22 00:58:15 ismail-X456URK kernel: [    0.000000] x86/fpu: xstate_offset[4]:  896, xstate_sizes[4]:   64
Feb 22 00:58:15 ismail-X456URK systemd[1]: Found device HGST_HTS541010A9E680 9.
Feb 22 00:58:15 ismail-X456URK kernel: [    0.000000] x86/fpu: Enabled xstate features 0x1f, context size is 960 bytes, using 'compacted' format.
Feb 22 00:58:15 ismail-X456URK kernel: [    0.000000] e820: BIOS-provided physical RAM map:
Feb 22 00:58:15 ismail-X456URK kernel: [    0.000000] BIOS-e820: [mem 0x0000000000000000-0x0000000000057fff] usable
Feb 22 00:58:15 ismail-X456URK kernel: [    0.000000] BIOS-e820: [mem 0x0000000000058000-0x0000000000058fff] reserved
Feb 22 00:58:15 ismail-X456URK kernel: [    0.000000] BIOS-e820: [mem 0x0000000000059000-0x000000000009efff] usable
Feb 22 00:58:15 ismail-X456URK kernel: [    0.000000] BIOS-e820: [mem 0x000000000009f000-0x00000000000fffff] reserved
Feb 22 00:58:15 ismail-X456URK kernel: [    0.000000] BIOS-e820: [mem 0x0000000000100000-0x0000000084087fff] usable
Feb 22 00:58:15 ismail-X456URK kernel: [    0.000000] BIOS-e820: [mem 0x0000000084088000-0x0000000084088fff] ACPI NVS
Feb 22 00:58:15 ismail-X456URK systemd[1]: Found device HGST_HTS541010A9E680 9.
Feb 22 00:58:15 ismail-X456URK systemd[1]: Activating swap Swap Partition...
Feb 22 00:58:15 ismail-X456URK kernel: [    0.000000] BIOS-e820: [mem 0x0000000084089000-0x0000000084089fff] reserved
Feb 22 00:58:15 ismail-X456URK systemd[1]: Activated swap Swap Partition.
Feb 22 00:58:15 ismail-X456URK kernel: [    0.000000] BIOS-e820: [mem 0x000000008408a000-0x000000008986dfff] usable
Feb 22 00:58:15 ismail-X456URK kernel: [    0.000000] BIOS-e820: [mem 0x000000008986e000-0x000000008a598fff] reserved
Feb 22 00:58:15 ismail-X456URK kernel: [    0.000000] BIOS-e820: [mem 0x000000008a599000-0x000000008a5dcfff] ACPI data
Feb 22 00:58:15 ismail-X456URK systemd[1]: Activated swap /dev/disk/by-uuid/2856fbd1-203a-4dce-80d1-a9fbe0a549e2.
Feb 22 00:58:15 ismail-X456URK kernel: [    0.000000] BIOS-e820: [mem 0x000000008a5dd000-0x000000008adc1fff] ACPI NVS
Feb 22 00:58:15 ismail-X456URK kernel: [    0.000000] BIOS-e820: [mem 0x000000008adc2000-0x000000008b208fff] reserved
Feb 22 00:58:15 ismail-X456URK kernel: [    0.000000] BIOS-e820: [mem 0x000000008b209000-0x000000008b27efff] type 20
Feb 22 00:58:15 ismail-X456URK kernel: [    0.000000] BIOS-e820: [mem 0x000000008b27f000-0x000000008b2fefff] usable
Feb 22 00:58:15 ismail-X456URK systemd[1]: Reached target Swap.
Feb 22 00:58:15 ismail-X456URK kernel: [    0.000000] BIOS-e820: [mem 0x000000008b2ff000-0x000000008fffffff] reserved
Feb 22 00:58:15 ismail-X456URK kernel: [    0.000000] BIOS-e820: [mem 0x00000000f0000000-0x00000000f7ffffff] reserved
Feb 22 00:58:15 ismail-X456URK kernel: [    0.000000] BIOS-e820: [mem 0x00000000fe000000-0x00000000fe010fff] reserved
Feb 22 00:58:15 ismail-X456URK systemd[1]: Started File System Check Daemon to report status.
Feb 22 00:58:15 ismail-X456URK kernel: [    0.000000] BIOS-e820: [mem 0x00000000fec00000-0x00000000fec00fff] reserved
Feb 22 00:58:15 ismail-X456URK kernel: [    0.000000] BIOS-e820: [mem 0x00000000fee00000-0x00000000fee00fff] reserved
Feb 22 00:58:15 ismail-X456URK systemd[1]: dev-disk-by\x2dpartlabel-Basic\x5cx20data\x5cx20partition.device: Dev dev-disk-by\x2dpartlabel-Basic\x5cx20data\x5cx20partition.device appeared twice with different sysfs paths /sys/devices/pci0000:00/0000:00:17.0/ata1/host0/target0:0:0/0:0:0:0/block/sda/sda6 and /sys/devices/pci0000:00/0000:00:17.0/ata1/host0/target0:0:0/0:0:0:0/block/sda/sda7
Feb 22 00:58:15 ismail-X456URK kernel: [    0.000000] BIOS-e820: [mem 0x00000000ff000000-0x00000000ffffffff] reserved
Feb 22 00:58:15 ismail-X456URK kernel: [    0.000000] BIOS-e820: [mem 0x0000000100000000-0x000000026effffff] usable
Feb 22 00:58:15 ismail-X456URK kernel: [    0.000000] NX (Execute Disable) protection: active
Feb 22 00:58:15 ismail-X456URK systemd[1]: Received SIGRTMIN+20 from PID 311 (plymouthd).
Feb 22 00:58:15 ismail-X456URK kernel: [    0.000000] efi: EFI v2.50 by American Megatrends
Feb 22 00:58:15 ismail-X456URK systemd-fsck[514]: fsck.fat 3.0.28 (2015-05-16)
Feb 22 00:58:15 ismail-X456URK kernel: [    0.000000] efi:  ESRT=0x8b17ce58  ACPI=0x8a5a6000  ACPI 2.0=0x8a5a6000  SMBIOS=0xf05e0  SMBIOS 3.0=0xf0600  MPS=0xfc9e0 
Feb 22 00:58:15 ismail-X456URK kernel: [    0.000000] SMBIOS 3.0.0 present.
Feb 22 00:58:15 ismail-X456URK kernel: [    0.000000] DMI: ASUSTeK COMPUTER INC. X456URK/X456URK, BIOS X456URK.304 12/12/2016
Feb 22 00:58:15 ismail-X456URK systemd-fsck[514]: There are differences between boot sector and its backup.
Feb 22 00:58:15 ismail-X456URK kernel: [    0.000000] e820: update [mem 0x00000000-0x00000fff] usable ==> reserved
Feb 22 00:58:15 ismail-X456URK kernel: [    0.000000] e820: remove [mem 0x000a0000-0x000fffff] usable
Feb 22 00:58:15 ismail-X456URK kernel: [    0.000000] e820: last_pfn = 0x26f000 max_arch_pfn = 0x400000000
Feb 22 00:58:15 ismail-X456URK systemd-fsck[514]: This is mostly harmless. Differences: (offset:original/backup)
Feb 22 00:58:15 ismail-X456URK kernel: [    0.000000] MTRR default type: write-back
Feb 22 00:58:15 ismail-X456URK kernel: [    0.000000] MTRR fixed ranges enabled:
Feb 22 00:58:15 ismail-X456URK kernel: [    0.000000]   00000-9FFFF write-back
Feb 22 00:58:15 ismail-X456URK kernel: [    0.000000]   A0000-BFFFF uncachable
Feb 22 00:58:15 ismail-X456URK kernel: [    0.000000]   C0000-FFFFF write-protect
Feb 22 00:58:15 ismail-X456URK systemd-fsck[514]:   65:00/01
Feb 22 00:58:15 ismail-X456URK kernel: [    0.000000] MTRR variable ranges enabled:
Feb 22 00:58:15 ismail-X456URK kernel: [    0.000000]   0 base 00C0000000 mask 7FC0000000 uncachable
Feb 22 00:58:15 ismail-X456URK kernel: [    0.000000]   1 base 00A0000000 mask 7FE0000000 uncachable
Feb 22 00:58:15 ismail-X456URK systemd-fsck[514]:   Not automatically fixing this.
Feb 22 00:58:15 ismail-X456URK kernel: [    0.000000]   2 base 0090000000 mask 7FF0000000 uncachable
Feb 22 00:58:15 ismail-X456URK kernel: [    0.000000]   3 base 008C000000 mask 7FFC000000 uncachable
Feb 22 00:58:15 ismail-X456URK kernel: [    0.000000]   4 base 008B800000 mask 7FFF800000 uncachable
Feb 22 00:58:15 ismail-X456URK kernel: [    0.000000]   5 disabled
Feb 22 00:58:15 ismail-X456URK systemd-fsck[514]: /dev/sda3: 203 files, 29920/98304 clusters
Feb 22 00:58:15 ismail-X456URK kernel: [    0.000000]   6 disabled
Feb 22 00:58:15 ismail-X456URK kernel: [    0.000000]   7 disabled
Feb 22 00:58:15 ismail-X456URK kernel: [    0.000000]   8 disabled
Feb 22 00:58:15 ismail-X456URK systemd[1]: Started File System Check on /dev/disk/by-uuid/AE71-CCE2.
Feb 22 00:58:15 ismail-X456URK kernel: [    0.000000]   9 disabled
Feb 22 00:58:15 ismail-X456URK kernel: [    0.000000] x86/PAT: Configuration [0-7]: WB  WC  UC- UC  WB  WC  UC- WT  
Feb 22 00:58:15 ismail-X456URK kernel: [    0.000000] e820: last_pfn = 0x8b2ff max_arch_pfn = 0x400000000
Feb 22 00:58:15 ismail-X456URK systemd[1]: Mounting /boot/efi...
Feb 22 00:58:15 ismail-X456URK kernel: [    0.000000] found SMP MP-table at [mem 0x000fcc20-0x000fcc2f] mapped at [ffff8c54800fcc20]
Feb 22 00:58:15 ismail-X456URK kernel: [    0.000000] esrt: Reserving ESRT space from 0x000000008b17ce58 to 0x000000008b17ce90.
Feb 22 00:58:15 ismail-X456URK kernel: [    0.000000] Scanning 1 areas for low memory corruption
Feb 22 00:58:15 ismail-X456URK kernel: [    0.000000] Base memory trampoline at [ffff8c5480096000] 96000 size 24576
Feb 22 00:58:15 ismail-X456URK kernel: [    0.000000] Using GB pages for direct mapping
Feb 22 00:58:15 ismail-X456URK systemd[1]: Mounted /boot/efi.
Feb 22 00:58:15 ismail-X456URK kernel: [    0.000000] BRK [0x21ca28000, 0x21ca28fff] PGTABLE
Feb 22 00:58:15 ismail-X456URK kernel: [    0.000000] BRK [0x21ca29000, 0x21ca29fff] PGTABLE
Feb 22 00:58:15 ismail-X456URK systemd[1]: Reached target Local File Systems.
Feb 22 00:58:15 ismail-X456URK kernel: [    0.000000] BRK [0x21ca2a000, 0x21ca2afff] PGTABLE
Feb 22 00:58:15 ismail-X456URK kernel: [    0.000000] BRK [0x21ca2b000, 0x21ca2bfff] PGTABLE
Feb 22 00:58:15 ismail-X456URK kernel: [    0.000000] BRK [0x21ca2c000, 0x21ca2cfff] PGTABLE
Feb 22 00:58:15 ismail-X456URK kernel: [    0.000000] BRK [0x21ca2d000, 0x21ca2dfff] PGTABLE
Feb 22 00:58:15 ismail-X456URK systemd[1]: Starting LSB: AppArmor initialization...
Feb 22 00:58:15 ismail-X456URK kernel: [    0.000000] BRK [0x21ca2e000, 0x21ca2efff] PGTABLE
Feb 22 00:58:15 ismail-X456URK kernel: [    0.000000] BRK [0x21ca2f000, 0x21ca2ffff] PGTABLE
Feb 22 00:58:15 ismail-X456URK kernel: [    0.000000] BRK [0x21ca30000, 0x21ca30fff] PGTABLE
Feb 22 00:58:15 ismail-X456URK kernel: [    0.000000] RAMDISK: [mem 0x33014000-0x35801fff]
Feb 22 00:58:15 ismail-X456URK kernel: [    0.000000] ACPI: Early table checksum verification disabled
Feb 22 00:58:15 ismail-X456URK systemd[1]: Starting Set console font and keymap...
Feb 22 00:58:15 ismail-X456URK kernel: [    0.000000] ACPI: RSDP 0x000000008A5A6000 000024 (v02 _ASUS_)
Feb 22 00:58:15 ismail-X456URK kernel: [    0.000000] ACPI: XSDT 0x000000008A5A60A8 0000D4 (v01 _ASUS_ Notebook 01072009 AMI  00010013)
Feb 22 00:58:15 ismail-X456URK systemd[1]: Starting Tell Plymouth To Write Out Runtime Data...
Feb 22 00:58:15 ismail-X456URK kernel: [    0.000000] ACPI: FACP 0x000000008A5CF900 000114 (v06 _ASUS_ Notebook 01072009 AMI  00010013)
Feb 22 00:58:15 ismail-X456URK kernel: [    0.000000] ACPI: DSDT 0x000000008A5A6210 0296EE (v02 _ASUS_ Notebook 01072009 INTL 20160422)
Feb 22 00:58:15 ismail-X456URK kernel: [    0.000000] ACPI: FACS 0x000000008ADA8C40 000040
Feb 22 00:58:15 ismail-X456URK kernel: [    0.000000] ACPI: APIC 0x000000008A5CFA18 000084 (v03 _ASUS_ Notebook 01072009 AMI  00010013)
Feb 22 00:58:15 ismail-X456URK kernel: [    0.000000] ACPI: FPDT 0x000000008A5CFAA0 000044 (v01 _ASUS_ Notebook 01072009 AMI  00010013)
Feb 22 00:58:15 ismail-X456URK systemd[1]: Starting Clean up any mess left by 0dns-up...
Feb 22 00:58:15 ismail-X456URK kernel: [    0.000000] ACPI: ECDT 0x000000008A5CFAE8 0000C1 (v01 _ASUS_ Notebook 01072009 AMI. 00000005)
Feb 22 00:58:15 ismail-X456URK kernel: [    0.000000] ACPI: MCFG 0x000000008A5CFBB0 00003C (v01 _ASUS_ Notebook 01072009 MSFT 00000097)
Feb 22 00:58:15 ismail-X456URK systemd[1]: Starting Create Volatile Files and Directories...
Feb 22 00:58:15 ismail-X456URK kernel: [    0.000000] ACPI: FIDT 0x000000008A5CFBF0 00009C (v01 _ASUS_ Notebook 01072009 AMI  00010013)
Feb 22 00:58:15 ismail-X456URK kernel: [    0.000000] ACPI: SSDT 0x000000008A5CFC90 005A18 (v02 DptfTa DptfTabl 00001000 INTL 20160422)
Feb 22 00:58:15 ismail-X456URK kernel: [    0.000000] ACPI: SSDT 0x000000008A5D56A8 003154 (v02 SaSsdt SaSsdt   00003000 INTL 20160422)
Feb 22 00:58:15 ismail-X456URK kernel: [    0.000000] ACPI: HPET 0x000000008A5D8800 000038 (v01 INTEL  KBL-ULT  00000001 MSFT 0000005F)
Feb 22 00:58:15 ismail-X456URK systemd-tmpfiles[561]: [/usr/lib/tmpfiles.d/var.conf:14] Duplicate line for path "/var/log", ignoring.
Feb 22 00:58:15 ismail-X456URK kernel: [    0.000000] ACPI: UEFI 0x000000008A5D8838 000042 (v01 INTEL  EDK2     00000002      01000013)
Feb 22 00:58:15 ismail-X456URK kernel: [    0.000000] ACPI: SSDT 0x000000008A5D8880 000EDE (v02 CpuRef CpuSsdt  00003000 INTL 20160422)
Feb 22 00:58:15 ismail-X456URK kernel: [    0.000000] ACPI: LPIT 0x000000008A5D9760 000094 (v01 INTEL  KBL-ULT  00000000 MSFT 0000005F)
Feb 22 00:58:15 ismail-X456URK systemd[1]: Started Tell Plymouth To Write Out Runtime Data.
Feb 22 00:58:15 ismail-X456URK kernel: [    0.000000] ACPI: WSMT 0x000000008A5D97F8 000028 (v01 INTEL  KBL-ULT  00000000 MSFT 0000005F)
Feb 22 00:58:15 ismail-X456URK kernel: [    0.000000] ACPI: SSDT 0x000000008A5D9820 00029F (v02 INTEL  sensrhub 00000000 INTL 20160422)
Feb 22 00:58:15 ismail-X456URK systemd[1]: Started Create Volatile Files and Directories.
Feb 22 00:58:15 ismail-X456URK kernel: [    0.000000] ACPI: DBGP 0x000000008A5D9AC0 000034 (v01 INTEL           00000002 MSFT 0000005F)
Feb 22 00:58:15 ismail-X456URK kernel: [    0.000000] ACPI: DBG2 0x000000008A5D9AF8 000054 (v00 INTEL           00000002 MSFT 0000005F)
Feb 22 00:58:15 ismail-X456URK kernel: [    0.000000] ACPI: BGRT 0x000000008A5D9B50 000038 (v01 _ASUS_ Notebook 01072009 AMI  00010013)
Feb 22 00:58:15 ismail-X456URK systemd[1]: Starting Network Time Synchronization...
Feb 22 00:58:15 ismail-X456URK kernel: [    0.000000] ACPI: SSDT 0x000000008A5D9B88 00039B (v02 SgRef  SgUlt    00001000 INTL 20160422)
Feb 22 00:58:15 ismail-X456URK kernel: [    0.000000] ACPI: SSDT 0x000000008A5D9F28 000829 (v02 SgRef  SgPch    00001000 INTL 20160422)
Feb 22 00:58:15 ismail-X456URK kernel: [    0.000000] ACPI: DMAR 0x000000008A5DA758 0000F0 (v01 INTEL  KBL      00000001 INTL 00000001)
Feb 22 00:58:15 ismail-X456URK systemd[1]: Starting Update UTMP about System Boot/Shutdown...
Feb 22 00:58:15 ismail-X456URK kernel: [    0.000000] ACPI: TPM2 0x000000008A5DA848 000034 (v03        Tpm2Tabl 00000001 AMI  00000000)
Feb 22 00:58:15 ismail-X456URK kernel: [    0.000000] ACPI: SSDT 0x000000008A5DA880 001E1E (v01 OptRef OptTabl  00001000 INTL 20160422)
Feb 22 00:58:15 ismail-X456URK systemd[1]: Started Clean up any mess left by 0dns-up.
Feb 22 00:58:15 ismail-X456URK systemd[1]: Starting Nameserver information manager...
Feb 22 00:58:15 ismail-X456URK systemd[1]: Started Update UTMP about System Boot/Shutdown.
Feb 22 00:58:15 ismail-X456URK systemd-timesyncd[573]: The system is configured to read the RTC time in the local time zone. This mode can not be fully supported. All system time to RTC updates are disabled.
Feb 22 00:58:15 ismail-X456URK systemd[1]: Started Network Time Synchronization.
Feb 22 00:58:15 ismail-X456URK systemd[1]: Reached target System Time Synchronized.
Feb 22 00:58:15 ismail-X456URK systemd[1]: Started Nameserver information manager.
Feb 22 00:58:15 ismail-X456URK systemd[1]: Reached target Network (Pre).
Feb 22 00:58:15 ismail-X456URK apparmor[557]:  * Starting AppArmor profiles
Feb 22 00:58:15 ismail-X456URK systemd[1]: Started Set console font and keymap.
Feb 22 00:58:15 ismail-X456URK systemd[1]: Created slice system-getty.slice.
Feb 22 00:58:15 ismail-X456URK apparmor[557]: Skipping profile in /etc/apparmor.d/disable: usr.bin.firefox
Feb 22 00:58:15 ismail-X456URK apparmor[557]: Skipping profile in /etc/apparmor.d/disable: usr.sbin.rsyslogd
Feb 22 00:58:15 ismail-X456URK apparmor[557]:    ...done.
Feb 22 00:58:15 ismail-X456URK systemd[1]: Started LSB: AppArmor initialization.
Feb 22 00:58:15 ismail-X456URK systemd[1]: Starting Raise network interfaces...
Feb 22 00:58:15 ismail-X456URK systemd[1]: Reached target System Initialization.
Feb 22 00:58:15 ismail-X456URK systemd[1]: Started Daily Cleanup of Temporary Directories.
Feb 22 00:58:15 ismail-X456URK kernel: [    0.000000] ACPI: Local APIC address 0xfee00000
Feb 22 00:58:15 ismail-X456URK kernel: [    0.000000] No NUMA configuration found
Feb 22 00:58:15 ismail-X456URK kernel: [    0.000000] Faking a node at [mem 0x0000000000000000-0x000000026effffff]
Feb 22 00:58:15 ismail-X456URK kernel: [    0.000000] NODE_DATA(0) allocated [mem 0x26efd5000-0x26effffff]
Feb 22 00:58:15 ismail-X456URK systemd[1]: Listening on Avahi mDNS/DNS-SD Stack Activation Socket.
Feb 22 00:58:15 ismail-X456URK kernel: [    0.000000] Zone ranges:
Feb 22 00:58:15 ismail-X456URK kernel: [    0.000000]   DMA      [mem 0x0000000000001000-0x0000000000ffffff]
Feb 22 00:58:15 ismail-X456URK kernel: [    0.000000]   DMA32    [mem 0x0000000001000000-0x00000000ffffffff]
Feb 22 00:58:15 ismail-X456URK systemd[1]: Listening on ACPID Listen Socket.
Feb 22 00:58:15 ismail-X456URK kernel: [    0.000000]   Normal   [mem 0x0000000100000000-0x000000026effffff]
Feb 22 00:58:15 ismail-X456URK kernel: [    0.000000]   Device   empty
Feb 22 00:58:15 ismail-X456URK kernel: [    0.000000] Movable zone start for each node
Feb 22 00:58:15 ismail-X456URK systemd[1]: Listening on D-Bus System Message Bus Socket.
Feb 22 00:58:15 ismail-X456URK kernel: [    0.000000] Early memory node ranges
Feb 22 00:58:15 ismail-X456URK kernel: [    0.000000]   node   0: [mem 0x0000000000001000-0x0000000000057fff]
Feb 22 00:58:15 ismail-X456URK kernel: [    0.000000]   node   0: [mem 0x0000000000059000-0x000000000009efff]
Feb 22 00:58:15 ismail-X456URK kernel: [    0.000000]   node   0: [mem 0x0000000000100000-0x0000000084087fff]
Feb 22 00:58:15 ismail-X456URK kernel: [    0.000000]   node   0: [mem 0x000000008408a000-0x000000008986dfff]
Feb 22 00:58:15 ismail-X456URK kernel: [    0.000000]   node   0: [mem 0x000000008b27f000-0x000000008b2fefff]
Feb 22 00:58:15 ismail-X456URK systemd[1]: Listening on CUPS Scheduler.
Feb 22 00:58:15 ismail-X456URK kernel: [    0.000000]   node   0: [mem 0x0000000100000000-0x000000026effffff]
Feb 22 00:58:15 ismail-X456URK systemd[1]: Started CUPS Scheduler.
Feb 22 00:58:15 ismail-X456URK kernel: [    0.000000] Initmem setup node 0 [mem 0x0000000000001000-0x000000026effffff]
Feb 22 00:58:15 ismail-X456URK kernel: [    0.000000] On node 0 totalpages: 2066569
Feb 22 00:58:15 ismail-X456URK systemd[1]: Listening on UUID daemon activation socket.
Feb 22 00:58:15 ismail-X456URK kernel: [    0.000000]   DMA zone: 64 pages used for memmap
Feb 22 00:58:15 ismail-X456URK kernel: [    0.000000]   DMA zone: 26 pages reserved
Feb 22 00:58:15 ismail-X456URK systemd[1]: Started Daily apt download activities.
Feb 22 00:58:15 ismail-X456URK kernel: [    0.000000]   DMA zone: 3997 pages, LIFO batch:0
Feb 22 00:58:15 ismail-X456URK kernel: [    0.000000]   DMA32 zone: 8740 pages used for memmap
Feb 22 00:58:15 ismail-X456URK kernel: [    0.000000]   DMA32 zone: 559340 pages, LIFO batch:31
Feb 22 00:58:15 ismail-X456URK systemd[1]: Started Daily apt upgrade and clean activities.
Feb 22 00:58:15 ismail-X456URK kernel: [    0.000000]   Normal zone: 23488 pages used for memmap
Feb 22 00:58:15 ismail-X456URK kernel: [    0.000000]   Normal zone: 1503232 pages, LIFO batch:31
Feb 22 00:58:15 ismail-X456URK kernel: [    0.000000] Reserving Intel graphics memory at 0x000000008c000000-0x000000008fffffff
Feb 22 00:58:15 ismail-X456URK systemd[1]: Starting Socket activation for snappy daemon.
Feb 22 00:58:15 ismail-X456URK kernel: [    0.000000] ACPI: PM-Timer IO Port: 0x1808
Feb 22 00:58:15 ismail-X456URK kernel: [    0.000000] ACPI: Local APIC address 0xfee00000
Feb 22 00:58:15 ismail-X456URK kernel: [    0.000000] ACPI: LAPIC_NMI (acpi_id[0x01] high edge lint[0x1])
Feb 22 00:58:15 ismail-X456URK systemd[1]: Started ACPI Events Check.
Feb 22 00:58:15 ismail-X456URK kernel: [    0.000000] ACPI: LAPIC_NMI (acpi_id[0x02] high edge lint[0x1])
Feb 22 00:58:15 ismail-X456URK kernel: [    0.000000] ACPI: LAPIC_NMI (acpi_id[0x03] high edge lint[0x1])
Feb 22 00:58:15 ismail-X456URK kernel: [    0.000000] ACPI: LAPIC_NMI (acpi_id[0x04] high edge lint[0x1])
Feb 22 00:58:15 ismail-X456URK systemd[1]: Reached target Paths.
Feb 22 00:58:15 ismail-X456URK kernel: [    0.000000] IOAPIC[0]: apic_id 2, version 32, address 0xfec00000, GSI 0-119
Feb 22 00:58:15 ismail-X456URK kernel: [    0.000000] ACPI: INT_SRC_OVR (bus 0 bus_irq 0 global_irq 2 dfl dfl)
Feb 22 00:58:15 ismail-X456URK kernel: [    0.000000] ACPI: INT_SRC_OVR (bus 0 bus_irq 9 global_irq 9 high level)
Feb 22 00:58:15 ismail-X456URK kernel: [    0.000000] ACPI: IRQ0 used by override.
Feb 22 00:58:15 ismail-X456URK kernel: [    0.000000] ACPI: IRQ9 used by override.
Feb 22 00:58:15 ismail-X456URK systemd[1]: Reached target Timers.
Feb 22 00:58:15 ismail-X456URK kernel: [    0.000000] Using ACPI (MADT) for SMP configuration information
Feb 22 00:58:15 ismail-X456URK kernel: [    0.000000] ACPI: HPET id: 0x8086a201 base: 0xfed00000
Feb 22 00:58:15 ismail-X456URK systemd[1]: Listening on Socket activation for snappy daemon.
Feb 22 00:58:15 ismail-X456URK kernel: [    0.000000] smpboot: Allowing 4 CPUs, 0 hotplug CPUs
Feb 22 00:58:15 ismail-X456URK kernel: [    0.000000] PM: Registered nosave memory: [mem 0x00000000-0x00000fff]
Feb 22 00:58:15 ismail-X456URK kernel: [    0.000000] PM: Registered nosave memory: [mem 0x00058000-0x00058fff]
Feb 22 00:58:15 ismail-X456URK kernel: [    0.000000] PM: Registered nosave memory: [mem 0x0009f000-0x000fffff]
Feb 22 00:58:15 ismail-X456URK systemd[1]: Reached target Sockets.
Feb 22 00:58:15 ismail-X456URK kernel: [    0.000000] PM: Registered nosave memory: [mem 0x84088000-0x84088fff]
Feb 22 00:58:15 ismail-X456URK kernel: [    0.000000] PM: Registered nosave memory: [mem 0x84089000-0x84089fff]
Feb 22 00:58:15 ismail-X456URK systemd[1]: Reached target Basic System.
Feb 22 00:58:15 ismail-X456URK kernel: [    0.000000] PM: Registered nosave memory: [mem 0x8986e000-0x8a598fff]
Feb 22 00:58:15 ismail-X456URK kernel: [    0.000000] PM: Registered nosave memory: [mem 0x8a599000-0x8a5dcfff]
Feb 22 00:58:15 ismail-X456URK kernel: [    0.000000] PM: Registered nosave memory: [mem 0x8a5dd000-0x8adc1fff]
Feb 22 00:58:15 ismail-X456URK kernel: [    0.000000] PM: Registered nosave memory: [mem 0x8adc2000-0x8b208fff]
Feb 22 00:58:15 ismail-X456URK kernel: [    0.000000] PM: Registered nosave memory: [mem 0x8b209000-0x8b27efff]
Feb 22 00:58:15 ismail-X456URK systemd[1]: Started Regular background program processing daemon.
Feb 22 00:58:15 ismail-X456URK kernel: [    0.000000] PM: Registered nosave memory: [mem 0x8b2ff000-0x8fffffff]
Feb 22 00:58:15 ismail-X456URK kernel: [    0.000000] PM: Registered nosave memory: [mem 0x90000000-0xefffffff]
Feb 22 00:58:15 ismail-X456URK kernel: [    0.000000] PM: Registered nosave memory: [mem 0xf0000000-0xf7ffffff]
Feb 22 00:58:15 ismail-X456URK kernel: [    0.000000] PM: Registered nosave memory: [mem 0xf8000000-0xfdffffff]
Feb 22 00:58:15 ismail-X456URK systemd[1]: Starting LSB: Speech Dispatcher...
Feb 22 00:58:15 ismail-X456URK kernel: [    0.000000] PM: Registered nosave memory: [mem 0xfe000000-0xfe010fff]
Feb 22 00:58:15 ismail-X456URK kernel: [    0.000000] PM: Registered nosave memory: [mem 0xfe011000-0xfebfffff]
Feb 22 00:58:15 ismail-X456URK systemd[1]: Starting Thermal Daemon Service...
Feb 22 00:58:15 ismail-X456URK kernel: [    0.000000] PM: Registered nosave memory: [mem 0xfec00000-0xfec00fff]
Feb 22 00:58:15 ismail-X456URK kernel: [    0.000000] PM: Registered nosave memory: [mem 0xfec01000-0xfedfffff]
Feb 22 00:58:15 ismail-X456URK kernel: [    0.000000] PM: Registered nosave memory: [mem 0xfee00000-0xfee00fff]
Feb 22 00:58:15 ismail-X456URK kernel: [    0.000000] PM: Registered nosave memory: [mem 0xfee01000-0xfeffffff]
Feb 22 00:58:15 ismail-X456URK systemd[1]: Starting LSB: automatic crash report generation...
Feb 22 00:58:15 ismail-X456URK kernel: [    0.000000] PM: Registered nosave memory: [mem 0xff000000-0xffffffff]
Feb 22 00:58:15 ismail-X456URK kernel: [    0.000000] e820: [mem 0x90000000-0xefffffff] available for PCI devices
Feb 22 00:58:15 ismail-X456URK kernel: [    0.000000] Booting paravirtualized kernel on bare hardware
Feb 22 00:58:15 ismail-X456URK cron[726]: (CRON) INFO (pidfile fd = 3)
Feb 22 00:58:15 ismail-X456URK kernel: [    0.000000] clocksource: refined-jiffies: mask: 0xffffffff max_cycles: 0xffffffff, max_idle_ns: 7645519600211568 ns
Feb 22 00:58:15 ismail-X456URK kernel: [    0.000000] setup_percpu: NR_CPUS:8192 nr_cpumask_bits:4 nr_cpu_ids:4 nr_node_ids:1
Feb 22 00:58:15 ismail-X456URK kernel: [    0.000000] percpu: Embedded 36 pages/cpu @ffff8c56eec00000 s107992 r8192 d31272 u524288
Feb 22 00:58:15 ismail-X456URK kernel: [    0.000000] pcpu-alloc: s107992 r8192 d31272 u524288 alloc=1*2097152
Feb 22 00:58:15 ismail-X456URK kernel: [    0.000000] pcpu-alloc: [0] 0 1 2 3 
Feb 22 00:58:15 ismail-X456URK systemd[1]: Started ACPI event daemon.
Feb 22 00:58:15 ismail-X456URK kernel: [    0.000000] Built 1 zonelists in Node order, mobility grouping on.  Total pages: 2034251
Feb 22 00:58:15 ismail-X456URK kernel: [    0.000000] Policy zone: Normal
Feb 22 00:58:15 ismail-X456URK kernel: [    0.000000] Kernel command line: BOOT_IMAGE=/boot/vmlinuz-4.10.0-28-generic.efi.signed root=UUID=f8f4f80f-ace2-4293-8eb0-46acb26de6d3 ro quiet splash vt.handoff=7
Feb 22 00:58:15 ismail-X456URK kernel: [    0.000000] PID hash table entries: 4096 (order: 3, 32768 bytes)
Feb 22 00:58:15 ismail-X456URK systemd[1]: Starting Accounts Service...
Feb 22 00:58:15 ismail-X456URK kernel: [    0.000000] Calgary: detecting Calgary via BIOS EBDA area
Feb 22 00:58:15 ismail-X456URK kernel: [    0.000000] Calgary: Unable to locate Rio Grande table in EBDA - bailing!
Feb 22 00:58:15 ismail-X456URK kernel: [    0.000000] Memory: 7899532K/8266276K available (9060K kernel code, 1666K rwdata, 3824K rodata, 2228K init, 2364K bss, 366744K reserved, 0K cma-reserved)
Feb 22 00:58:15 ismail-X456URK systemd[1]: Starting Login Service...
Feb 22 00:58:15 ismail-X456URK kernel: [    0.000000] SLUB: HWalign=64, Order=0-3, MinObjects=0, CPUs=4, Nodes=1
Feb 22 00:58:15 ismail-X456URK kernel: [    0.000000] Hierarchical RCU implementation.
Feb 22 00:58:15 ismail-X456URK kernel: [    0.000000] 	Build-time adjustment of leaf fanout to 64.
Feb 22 00:58:15 ismail-X456URK systemd[1]: Starting Detect the available GPUs and deal with any system changes...
Feb 22 00:58:15 ismail-X456URK kernel: [    0.000000] 	RCU restricting CPUs from NR_CPUS=8192 to nr_cpu_ids=4.
Feb 22 00:58:15 ismail-X456URK kernel: [    0.000000] RCU: Adjusting geometry for rcu_fanout_leaf=64, nr_cpu_ids=4
Feb 22 00:58:15 ismail-X456URK kernel: [    0.000000] NR_IRQS:524544 nr_irqs:1024 16
Feb 22 00:58:15 ismail-X456URK kernel: [    0.000000] vt handoff: transparent VT on vt#7
Feb 22 00:58:15 ismail-X456URK kernel: [    0.000000] Console: colour dummy device 80x25
Feb 22 00:58:15 ismail-X456URK kernel: [    0.000000] console [tty0] enabled
Feb 22 00:58:15 ismail-X456URK systemd[1]: Starting Modem Manager...
Feb 22 00:58:15 ismail-X456URK systemd[1]: Starting LSB: Record successful boot for GRUB...
Feb 22 00:58:15 ismail-X456URK kernel: [    0.000000] clocksource: hpet: mask: 0xffffffff max_cycles: 0xffffffff, max_idle_ns: 79635855245 ns
Feb 22 00:58:15 ismail-X456URK kernel: [    0.000000] hpet clockevent registered
Feb 22 00:58:15 ismail-X456URK kernel: [    0.000000] tsc: Detected 2700.000 MHz processor
Feb 22 00:58:15 ismail-X456URK systemd[1]: Started CUPS Scheduler.
Feb 22 00:58:15 ismail-X456URK kernel: [    0.000023] Calibrating delay loop (skipped), value calculated using timer frequency.. 5424.00 BogoMIPS (lpj=10848000)
Feb 22 00:58:15 ismail-X456URK kernel: [    0.000026] pid_max: default: 32768 minimum: 301
Feb 22 00:58:15 ismail-X456URK systemd[1]: Starting LSB: Set the CPU Frequency Scaling governor to "ondemand"...
Feb 22 00:58:15 ismail-X456URK kernel: [    0.000034] ACPI: Core revision 20160930
Feb 22 00:58:15 ismail-X456URK kernel: [    0.038670] ACPI: 8 ACPI AML tables successfully acquired and loaded
Feb 22 00:58:15 ismail-X456URK kernel: [    0.039290] Security Framework initialized
Feb 22 00:58:15 ismail-X456URK kernel: [    0.039291] Yama: becoming mindful.
Feb 22 00:58:15 ismail-X456URK kernel: [    0.039304] AppArmor: AppArmor initialized
Feb 22 00:58:15 ismail-X456URK systemd[1]: Starting LSB: daemon to balance interrupts for SMP systems...
Feb 22 00:58:15 ismail-X456URK kernel: [    0.039701] Dentry cache hash table entries: 1048576 (order: 11, 8388608 bytes)
Feb 22 00:58:15 ismail-X456URK gpu-manager[750]: /etc/modprobe.d is not a file
Feb 22 00:58:15 ismail-X456URK kernel: [    0.041170] Inode-cache hash table entries: 524288 (order: 10, 4194304 bytes)
Feb 22 00:58:15 ismail-X456URK kernel: [    0.041794] Mount-cache hash table entries: 16384 (order: 5, 131072 bytes)
Feb 22 00:58:15 ismail-X456URK kernel: [    0.041800] Mountpoint-cache hash table entries: 16384 (order: 5, 131072 bytes)
Feb 22 00:58:15 ismail-X456URK kernel: [    0.042019] CPU: Physical Processor ID: 0
Feb 22 00:58:15 ismail-X456URK kernel: [    0.042019] CPU: Processor Core ID: 0
Feb 22 00:58:15 ismail-X456URK kernel: [    0.042023] ENERGY_PERF_BIAS: Set to 'normal', was 'performance'
Feb 22 00:58:15 ismail-X456URK kernel: [    0.042024] ENERGY_PERF_BIAS: View and update with x86_energy_perf_policy(8)
Feb 22 00:58:15 ismail-X456URK kernel: [    0.042029] mce: CPU supports 8 MCE banks
Feb 22 00:58:15 ismail-X456URK kernel: [    0.042038] CPU0: Thermal monitoring enabled (TM1)
Feb 22 00:58:15 ismail-X456URK kernel: [    0.042054] process: using mwait in idle threads
Feb 22 00:58:15 ismail-X456URK kernel: [    0.042056] Last level iTLB entries: 4KB 64, 2MB 8, 4MB 8
Feb 22 00:58:15 ismail-X456URK kernel: [    0.042057] Last level dTLB entries: 4KB 64, 2MB 0, 4MB 0, 1GB 4
Feb 22 00:58:15 ismail-X456URK kernel: [    0.042495] Freeing SMP alternatives memory: 32K
Feb 22 00:58:15 ismail-X456URK kernel: [    0.047469] ftrace: allocating 34206 entries in 134 pages
Feb 22 00:58:15 ismail-X456URK kernel: [    0.062868] smpboot: Max logical packages: 2
Feb 22 00:58:15 ismail-X456URK kernel: [    0.062874] DMAR: Host address width 39
Feb 22 00:58:15 ismail-X456URK kernel: [    0.062875] DMAR: DRHD base: 0x000000fed90000 flags: 0x0
Feb 22 00:58:15 ismail-X456URK kernel: [    0.062882] DMAR: dmar0: reg_base_addr fed90000 ver 1:0 cap 1c0000c40660462 ecap 19e2ff0505e
Feb 22 00:58:15 ismail-X456URK kernel: [    0.062883] DMAR: DRHD base: 0x000000fed91000 flags: 0x1
Feb 22 00:58:15 ismail-X456URK kernel: [    0.062887] DMAR: dmar1: reg_base_addr fed91000 ver 1:0 cap d2008c40660462 ecap f050da
Feb 22 00:58:15 ismail-X456URK gpu-manager[750]: message repeated 4 times: [ /etc/modprobe.d is not a file]
Feb 22 00:58:15 ismail-X456URK gpu-manager[750]: Error: can't open /lib/modules/4.10.0-28-generic/updates/dkms
Feb 22 00:58:15 ismail-X456URK gpu-manager[750]: Error: can't open /lib/modules/4.10.0-28-generic/updates/dkms
Feb 22 00:58:15 ismail-X456URK systemd[1]: Starting Snappy daemon...
Feb 22 00:58:15 ismail-X456URK systemd[1]: Starting Restore /etc/resolv.conf if the system crashed before the ppp link was shut down...
Feb 22 00:58:15 ismail-X456URK systemd[1]: Starting System Logging Service...
Feb 22 00:58:15 ismail-X456URK systemd[1]: Starting Save/Restore Sound Card State...
Feb 22 00:58:15 ismail-X456URK systemd[1]: Starting Avahi mDNS/DNS-SD Stack...
Feb 22 00:58:15 ismail-X456URK systemd[1]: Started D-Bus System Message Bus.
Feb 22 00:58:15 ismail-X456URK acpid: starting up with netlink and the input layer
Feb 22 00:58:15 ismail-X456URK cron[726]: (CRON) INFO (Running @reboot jobs)
Feb 22 00:58:15 ismail-X456URK kernel: [    0.062888] DMAR: RMRR base: 0x00000089d29000 end: 0x00000089d48fff
Feb 22 00:58:15 ismail-X456URK kernel: [    0.062889] DMAR: RMRR base: 0x0000008b800000 end: 0x0000008fffffff
Feb 22 00:58:15 ismail-X456URK kernel: [    0.062890] DMAR: ANDD device: 1 name: \_SB.PCI0.I2C0
Feb 22 00:58:15 ismail-X456URK acpid: 9 rules loaded
Feb 22 00:58:15 ismail-X456URK kernel: [    0.062890] DMAR: ANDD device: 2 name: \_SB.PCI0.I2C1
Feb 22 00:58:15 ismail-X456URK kernel: [    0.062892] DMAR-IR: IOAPIC id 2 under DRHD base  0xfed91000 IOMMU 1
Feb 22 00:58:15 ismail-X456URK kernel: [    0.062893] DMAR-IR: HPET id 0 under DRHD base 0xfed91000
Feb 22 00:58:15 ismail-X456URK kernel: [    0.062893] DMAR-IR: Queued invalidation will be enabled to support x2apic and Intr-remapping.
Feb 22 00:58:15 ismail-X456URK kernel: [    0.064332] DMAR-IR: Enabled IRQ remapping in x2apic mode
Feb 22 00:58:15 ismail-X456URK kernel: [    0.064333] x2apic enabled
Feb 22 00:58:15 ismail-X456URK kernel: [    0.064344] Switched APIC routing to cluster x2apic.
Feb 22 00:58:15 ismail-X456URK kernel: [    0.068354] ..TIMER: vector=0x30 apic1=0 pin1=2 apic2=-1 pin2=-1
Feb 22 00:58:15 ismail-X456URK kernel: [    0.108048] TSC deadline timer enabled
Feb 22 00:58:15 ismail-X456URK acpid: waiting for events: event logging is off
Feb 22 00:58:15 ismail-X456URK kernel: [    0.108052] smpboot: CPU0: Intel(R) Core(TM) i5-7200U CPU @ 2.50GHz (family: 0x6, model: 0x8e, stepping: 0x9)
Feb 22 00:58:15 ismail-X456URK kernel: [    0.108101] Performance Events: PEBS fmt3+, Skylake events, 32-deep LBR, full-width counters, Intel PMU driver.
Feb 22 00:58:15 ismail-X456URK kernel: [    0.108131] ... version:                4
Feb 22 00:58:15 ismail-X456URK kernel: [    0.108131] ... bit width:              48
Feb 22 00:58:15 ismail-X456URK kernel: [    0.108131] ... generic registers:      4
Feb 22 00:58:15 ismail-X456URK kernel: [    0.108132] ... value mask:             0000ffffffffffff
Feb 22 00:58:15 ismail-X456URK kernel: [    0.108132] ... max period:             00007fffffffffff
Feb 22 00:58:15 ismail-X456URK kernel: [    0.108133] ... fixed-purpose events:   3
Feb 22 00:58:15 ismail-X456URK kernel: [    0.108133] ... event mask:             000000070000000f
Feb 22 00:58:15 ismail-X456URK kernel: [    0.108920] NMI watchdog: enabled on all CPUs, permanently consumes one hw-PMU counter.
Feb 22 00:58:15 ismail-X456URK kernel: [    0.108931] smp: Bringing up secondary CPUs ...
Feb 22 00:58:15 ismail-X456URK kernel: [    0.108987] x86: Booting SMP configuration:
Feb 22 00:58:15 ismail-X456URK kernel: [    0.108988] .... node  #0, CPUs:      #1 #2 #3
Feb 22 00:58:15 ismail-X456URK kernel: [    0.110375] smp: Brought up 1 node, 4 CPUs
Feb 22 00:58:15 ismail-X456URK kernel: [    0.110376] smpboot: Total of 4 processors activated (21696.00 BogoMIPS)
Feb 22 00:58:15 ismail-X456URK kernel: [    0.114379] devtmpfs: initialized
Feb 22 00:58:15 ismail-X456URK kernel: [    0.114428] x86/mm: Memory block size: 128MB
Feb 22 00:58:15 ismail-X456URK kernel: [    0.116211] evm: security.selinux
Feb 22 00:58:15 ismail-X456URK kernel: [    0.116211] evm: security.SMACK64
Feb 22 00:58:15 ismail-X456URK kernel: [    0.116212] evm: security.SMACK64EXEC
Feb 22 00:58:15 ismail-X456URK kernel: [    0.116212] evm: security.SMACK64TRANSMUTE
Feb 22 00:58:15 ismail-X456URK kernel: [    0.116212] evm: security.SMACK64MMAP
Feb 22 00:58:15 ismail-X456URK kernel: [    0.116213] evm: security.ima
Feb 22 00:58:15 ismail-X456URK kernel: [    0.116213] evm: security.capability
Feb 22 00:58:15 ismail-X456URK kernel: [    0.116262] PM: Registering ACPI NVS region [mem 0x84088000-0x84088fff] (4096 bytes)
Feb 22 00:58:15 ismail-X456URK kernel: [    0.116263] PM: Registering ACPI NVS region [mem 0x8a5dd000-0x8adc1fff] (8278016 bytes)
Feb 22 00:58:15 ismail-X456URK kernel: [    0.116411] clocksource: jiffies: mask: 0xffffffff max_cycles: 0xffffffff, max_idle_ns: 7645041785100000 ns
Feb 22 00:58:15 ismail-X456URK kernel: [    0.116418] futex hash table entries: 1024 (order: 4, 65536 bytes)
Feb 22 00:58:15 ismail-X456URK kernel: [    0.116454] pinctrl core: initialized pinctrl subsystem
Feb 22 00:58:15 ismail-X456URK kernel: [    0.116610] RTC time:  0:57:55, date: 02/22/19
Feb 22 00:58:15 ismail-X456URK kernel: [    0.116686] NET: Registered protocol family 16
Feb 22 00:58:15 ismail-X456URK kernel: [    0.130105] cpuidle: using governor ladder
Feb 22 00:58:15 ismail-X456URK kernel: [    0.150137] cpuidle: using governor menu
Feb 22 00:58:15 ismail-X456URK kernel: [    0.150142] PCCT header not found.
Feb 22 00:58:15 ismail-X456URK kernel: [    0.150275] ACPI: bus type PCI registered
Feb 22 00:58:15 ismail-X456URK kernel: [    0.150276] acpiphp: ACPI Hot Plug PCI Controller Driver version: 0.5
Feb 22 00:58:15 ismail-X456URK kernel: [    0.150330] PCI: MMCONFIG for domain 0000 [bus 00-7f] at [mem 0xf0000000-0xf7ffffff] (base 0xf0000000)
Feb 22 00:58:15 ismail-X456URK kernel: [    0.150332] PCI: MMCONFIG at [mem 0xf0000000-0xf7ffffff] reserved in E820
Feb 22 00:58:15 ismail-X456URK kernel: [    0.150340] PCI: Using configuration type 1 for base access
Feb 22 00:58:15 ismail-X456URK kernel: [    0.166372] HugeTLB registered 1 GB page size, pre-allocated 0 pages
Feb 22 00:58:15 ismail-X456URK kernel: [    0.166373] HugeTLB registered 2 MB page size, pre-allocated 0 pages
Feb 22 00:58:15 ismail-X456URK kernel: [    0.166589] ACPI: Added _OSI(Module Device)
Feb 22 00:58:15 ismail-X456URK kernel: [    0.166590] ACPI: Added _OSI(Processor Device)
Feb 22 00:58:15 ismail-X456URK kernel: [    0.166591] ACPI: Added _OSI(3.0 _SCP Extensions)
Feb 22 00:58:15 ismail-X456URK kernel: [    0.166592] ACPI: Added _OSI(Processor Aggregator Device)
Feb 22 00:58:15 ismail-X456URK kernel: [    0.166594] ACPI : EC: EC started
Feb 22 00:58:15 ismail-X456URK kernel: [    0.166594] ACPI : EC: interrupt blocked
Feb 22 00:58:15 ismail-X456URK kernel: [    0.168420] ACPI: \: Used as first EC
Feb 22 00:58:15 ismail-X456URK kernel: [    0.168421] ACPI: \: GPE=0x50, EC_CMD/EC_SC=0x66, EC_DATA=0x62
Feb 22 00:58:15 ismail-X456URK kernel: [    0.168422] ACPI: \: Used as boot ECDT EC to handle transactions
Feb 22 00:58:15 ismail-X456URK kernel: [    0.169858] ACPI: Executed 32 blocks of module-level executable AML code
Feb 22 00:58:15 ismail-X456URK kernel: [    0.180505] ACPI: [Firmware Bug]: BIOS _OSI(Linux) query ignored
Feb 22 00:58:15 ismail-X456URK kernel: [    0.201056] ACPI: Dynamic OEM Table Load:
Feb 22 00:58:15 ismail-X456URK kernel: [    0.201062] ACPI: SSDT 0xFFFF8C56E4FDF000 0006B4 (v02 PmRef  Cpu0Ist  00003000 INTL 20160422)
Feb 22 00:58:15 ismail-X456URK kernel: [    0.201213] ACPI: Executed 1 blocks of module-level executable AML code
Feb 22 00:58:15 ismail-X456URK kernel: [    0.201292] ACPI: \_PR_.CPU0: _OSC native thermal LVT Acked
Feb 22 00:58:15 ismail-X456URK kernel: [    0.202556] ACPI: Dynamic OEM Table Load:
Feb 22 00:58:15 ismail-X456URK kernel: [    0.202560] ACPI: SSDT 0xFFFF8C56E49BE400 0003FF (v02 PmRef  Cpu0Cst  00003001 INTL 20160422)
Feb 22 00:58:15 ismail-X456URK kernel: [    0.202691] ACPI: Executed 1 blocks of module-level executable AML code
Feb 22 00:58:15 ismail-X456URK kernel: [    0.202852] ACPI: Dynamic OEM Table Load:
Feb 22 00:58:15 ismail-X456URK kernel: [    0.202856] ACPI: SSDT 0xFFFF8C56E4946800 000115 (v02 PmRef  Cpu0Hwp  00003000 INTL 20160422)
Feb 22 00:58:15 ismail-X456URK kernel: [    0.202972] ACPI: Executed 1 blocks of module-level executable AML code
Feb 22 00:58:15 ismail-X456URK kernel: [    0.203044] ACPI: Dynamic OEM Table Load:
Feb 22 00:58:15 ismail-X456URK kernel: [    0.203048] ACPI: SSDT 0xFFFF8C56E49C1A00 0001A4 (v02 PmRef  HwpLvt   00003000 INTL 20160422)
Feb 22 00:58:15 ismail-X456URK kernel: [    0.203156] ACPI: Executed 1 blocks of module-level executable AML code
Feb 22 00:58:15 ismail-X456URK kernel: [    0.203495] ACPI: Dynamic OEM Table Load:
Feb 22 00:58:15 ismail-X456URK kernel: [    0.203500] ACPI: SSDT 0xFFFF8C56E4FDB000 00065C (v02 PmRef  ApIst    00003000 INTL 20160422)
Feb 22 00:58:15 ismail-X456URK kernel: [    0.203830] ACPI: Executed 1 blocks of module-level executable AML code
Feb 22 00:58:15 ismail-X456URK kernel: [    0.203975] ACPI: Dynamic OEM Table Load:
Feb 22 00:58:15 ismail-X456URK kernel: [    0.203978] ACPI: SSDT 0xFFFF8C56E49C1000 000197 (v02 PmRef  ApHwp    00003000 INTL 20160422)
Feb 22 00:58:15 ismail-X456URK kernel: [    0.204112] ACPI: Executed 1 blocks of module-level executable AML code
Feb 22 00:58:15 ismail-X456URK kernel: [    0.204263] ACPI: Dynamic OEM Table Load:
Feb 22 00:58:15 ismail-X456URK kernel: [    0.204266] ACPI: SSDT 0xFFFF8C56E49C0400 00018A (v02 PmRef  ApCst    00003000 INTL 20160422)
Feb 22 00:58:15 ismail-X456URK kernel: [    0.204398] ACPI: Executed 1 blocks of module-level executable AML code
Feb 22 00:58:15 ismail-X456URK kernel: [    0.206041] ACPI : EC: EC stopped
Feb 22 00:58:15 ismail-X456URK kernel: [    0.206042] ACPI : EC: EC started
Feb 22 00:58:15 ismail-X456URK kernel: [    0.206042] ACPI : EC: interrupt blocked
Feb 22 00:58:15 ismail-X456URK kernel: [    0.206194] ACPI: \_SB_.PCI0.LPCB.EC0_: Used as first EC
Feb 22 00:58:15 ismail-X456URK kernel: [    0.206196] ACPI: \_SB_.PCI0.LPCB.EC0_: GPE=0x50, EC_CMD/EC_SC=0x66, EC_DATA=0x62
Feb 22 00:58:15 ismail-X456URK kernel: [    0.206197] ACPI: \_SB_.PCI0.LPCB.EC0_: Used as boot DSDT EC to handle transactions
Feb 22 00:58:15 ismail-X456URK kernel: [    0.206197] ACPI: Interpreter enabled
Feb 22 00:58:15 ismail-X456URK kernel: [    0.206242] ACPI: (supports S0 S3 S4 S5)
Feb 22 00:58:15 ismail-X456URK kernel: [    0.206242] ACPI: Using IOAPIC for interrupt routing
Feb 22 00:58:15 ismail-X456URK kernel: [    0.206282] PCI: Using host bridge windows from ACPI; if necessary, use "pci=nocrs" and report a bug
Feb 22 00:58:15 ismail-X456URK kernel: [    0.210730] ACPI: Power Resource [WRST] (on)
Feb 22 00:58:15 ismail-X456URK kernel: [    0.210887] ACPI: Power Resource [WRST] (on)
Feb 22 00:58:15 ismail-X456URK kernel: [    0.211038] ACPI: Power Resource [WRST] (on)
Feb 22 00:58:15 ismail-X456URK kernel: [    0.211190] ACPI: Power Resource [WRST] (on)
Feb 22 00:58:15 ismail-X456URK kernel: [    0.211339] ACPI: Power Resource [WRST] (on)
Feb 22 00:58:15 ismail-X456URK kernel: [    0.211387] ACPI: Power Resource [PC09] (on)
Feb 22 00:58:15 ismail-X456URK kernel: [    0.212358] ACPI: Power Resource [WRST] (on)
Feb 22 00:58:15 ismail-X456URK kernel: [    0.212510] ACPI: Power Resource [WRST] (on)
Feb 22 00:58:15 ismail-X456URK kernel: [    0.212660] ACPI: Power Resource [WRST] (on)
Feb 22 00:58:15 ismail-X456URK kernel: [    0.212995] ACPI: Power Resource [WRST] (on)
Feb 22 00:58:15 ismail-X456URK kernel: [    0.213177] ACPI: Power Resource [WRST] (on)
Feb 22 00:58:15 ismail-X456URK kernel: [    0.213335] ACPI: Power Resource [WRST] (on)
Feb 22 00:58:15 ismail-X456URK kernel: [    0.213488] ACPI: Power Resource [WRST] (on)
Feb 22 00:58:15 ismail-X456URK kernel: [    0.213641] ACPI: Power Resource [WRST] (on)
Feb 22 00:58:15 ismail-X456URK kernel: [    0.213792] ACPI: Power Resource [WRST] (on)
Feb 22 00:58:15 ismail-X456URK kernel: [    0.213945] ACPI: Power Resource [WRST] (on)
Feb 22 00:58:15 ismail-X456URK kernel: [    0.214096] ACPI: Power Resource [WRST] (on)
Feb 22 00:58:15 ismail-X456URK kernel: [    0.214466] ACPI: Power Resource [WRST] (on)
Feb 22 00:58:15 ismail-X456URK kernel: [    0.214615] ACPI: Power Resource [WRST] (on)
Feb 22 00:58:15 ismail-X456URK kernel: [    0.214767] ACPI: Power Resource [WRST] (on)
Feb 22 00:58:15 ismail-X456URK kernel: [    0.223742] ACPI: PCI Root Bridge [PCI0] (domain 0000 [bus 00-7e])
Feb 22 00:58:15 ismail-X456URK kernel: [    0.223747] acpi PNP0A08:00: _OSC: OS supports [ExtendedConfig ASPM ClockPM Segments MSI]
Feb 22 00:58:15 ismail-X456URK kernel: [    0.225116] acpi PNP0A08:00: _OSC: OS now controls [PCIeHotplug PME AER PCIeCapability]
Feb 22 00:58:15 ismail-X456URK kernel: [    0.225854] PCI host bridge to bus 0000:00
Feb 22 00:58:15 ismail-X456URK kernel: [    0.225856] pci_bus 0000:00: root bus resource [io  0x0000-0x0cf7 window]
Feb 22 00:58:15 ismail-X456URK kernel: [    0.225857] pci_bus 0000:00: root bus resource [io  0x0d00-0xffff window]
Feb 22 00:58:15 ismail-X456URK kernel: [    0.225858] pci_bus 0000:00: root bus resource [mem 0x000a0000-0x000bffff window]
Feb 22 00:58:15 ismail-X456URK kernel: [    0.225859] pci_bus 0000:00: root bus resource [mem 0x90000000-0xefffffff window]
Feb 22 00:58:15 ismail-X456URK kernel: [    0.225860] pci_bus 0000:00: root bus resource [mem 0xfd000000-0xfe7fffff window]
Feb 22 00:58:15 ismail-X456URK kernel: [    0.225861] pci_bus 0000:00: root bus resource [bus 00-7e]
Feb 22 00:58:15 ismail-X456URK kernel: [    0.225868] pci 0000:00:00.0: [8086:5904] type 00 class 0x060000
Feb 22 00:58:15 ismail-X456URK kernel: [    0.226223] pci 0000:00:02.0: [8086:5916] type 00 class 0x030000
Feb 22 00:58:15 ismail-X456URK kernel: [    0.226232] pci 0000:00:02.0: reg 0x10: [mem 0xed000000-0xedffffff 64bit]
Feb 22 00:58:15 ismail-X456URK kernel: [    0.226238] pci 0000:00:02.0: reg 0x18: [mem 0xc0000000-0xcfffffff 64bit pref]
Feb 22 00:58:15 ismail-X456URK kernel: [    0.226243] pci 0000:00:02.0: reg 0x20: [io  0xf000-0xf03f]
Feb 22 00:58:15 ismail-X456URK kernel: [    0.226385] pci 0000:00:04.0: [8086:1903] type 00 class 0x118000
Feb 22 00:58:15 ismail-X456URK kernel: [    0.226396] pci 0000:00:04.0: reg 0x10: [mem 0xef320000-0xef327fff 64bit]
Feb 22 00:58:15 ismail-X456URK kernel: [    0.226615] pci 0000:00:14.0: [8086:9d2f] type 00 class 0x0c0330
Feb 22 00:58:15 ismail-X456URK kernel: [    0.226635] pci 0000:00:14.0: reg 0x10: [mem 0xef310000-0xef31ffff 64bit]
Feb 22 00:58:15 ismail-X456URK kernel: [    0.226708] pci 0000:00:14.0: PME# supported from D3hot D3cold
Feb 22 00:58:15 ismail-X456URK kernel: [    0.226887] pci 0000:00:14.0: System wakeup disabled by ACPI
Feb 22 00:58:15 ismail-X456URK kernel: [    0.226923] pci 0000:00:14.2: [8086:9d31] type 00 class 0x118000
Feb 22 00:58:15 ismail-X456URK kernel: [    0.226942] pci 0000:00:14.2: reg 0x10: [mem 0xef338000-0xef338fff 64bit]
Feb 22 00:58:15 ismail-X456URK kernel: [    0.227204] pci 0000:00:15.0: [8086:9d60] type 00 class 0x118000
Feb 22 00:58:15 ismail-X456URK kernel: [    0.227413] pci 0000:00:15.0: reg 0x10: [mem 0xef337000-0xef337fff 64bit]
Feb 22 00:58:15 ismail-X456URK kernel: [    0.228386] pci 0000:00:15.1: [8086:9d61] type 00 class 0x118000
Feb 22 00:58:15 ismail-X456URK kernel: [    0.228595] pci 0000:00:15.1: reg 0x10: [mem 0xef336000-0xef336fff 64bit]
Feb 22 00:58:15 ismail-X456URK kernel: [    0.229505] pci 0000:00:16.0: [8086:9d3a] type 00 class 0x078000
Feb 22 00:58:15 ismail-X456URK kernel: [    0.229528] pci 0000:00:16.0: reg 0x10: [mem 0xef335000-0xef335fff 64bit]
Feb 22 00:58:15 ismail-X456URK kernel: [    0.229608] pci 0000:00:16.0: PME# supported from D3hot
Feb 22 00:58:15 ismail-X456URK kernel: [    0.229764] pci 0000:00:17.0: [8086:9d03] type 00 class 0x010601
Feb 22 00:58:15 ismail-X456URK kernel: [    0.229780] pci 0000:00:17.0: reg 0x10: [mem 0xef330000-0xef331fff]
Feb 22 00:58:15 ismail-X456URK kernel: [    0.229788] pci 0000:00:17.0: reg 0x14: [mem 0xef334000-0xef3340ff]
Feb 22 00:58:15 ismail-X456URK kernel: [    0.229796] pci 0000:00:17.0: reg 0x18: [io  0xf090-0xf097]
Feb 22 00:58:15 ismail-X456URK kernel: [    0.229804] pci 0000:00:17.0: reg 0x1c: [io  0xf080-0xf083]
Feb 22 00:58:15 ismail-X456URK kernel: [    0.229812] pci 0000:00:17.0: reg 0x20: [io  0xf060-0xf07f]
Feb 22 00:58:15 ismail-X456URK kernel: [    0.229820] pci 0000:00:17.0: reg 0x24: [mem 0xef333000-0xef3337ff]
Feb 22 00:58:15 ismail-X456URK kernel: [    0.229865] pci 0000:00:17.0: PME# supported from D3hot
Feb 22 00:58:15 ismail-X456URK kernel: [    0.230015] pci 0000:00:1c.0: [8086:9d10] type 01 class 0x060400
Feb 22 00:58:15 ismail-X456URK kernel: [    0.230084] pci 0000:00:1c.0: PME# supported from D0 D3hot D3cold
Feb 22 00:58:15 ismail-X456URK kernel: [    0.230220] pci 0000:00:1c.0: System wakeup disabled by ACPI
Feb 22 00:58:15 ismail-X456URK kernel: [    0.230260] pci 0000:00:1c.4: [8086:9d14] type 01 class 0x060400
Feb 22 00:58:15 ismail-X456URK kernel: [    0.230328] pci 0000:00:1c.4: PME# supported from D0 D3hot D3cold
Feb 22 00:58:15 ismail-X456URK kernel: [    0.230460] pci 0000:00:1c.4: System wakeup disabled by ACPI
Feb 22 00:58:15 ismail-X456URK kernel: [    0.230491] pci 0000:00:1c.5: [8086:9d15] type 01 class 0x060400
Feb 22 00:58:15 ismail-X456URK kernel: [    0.230559] pci 0000:00:1c.5: PME# supported from D0 D3hot D3cold
Feb 22 00:58:15 ismail-X456URK kernel: [    0.230733] pci 0000:00:1f.0: [8086:9d58] type 00 class 0x060100
Feb 22 00:58:15 ismail-X456URK kernel: [    0.230969] pci 0000:00:1f.2: [8086:9d21] type 00 class 0x058000
Feb 22 00:58:15 ismail-X456URK kernel: [    0.230979] pci 0000:00:1f.2: reg 0x10: [mem 0xef32c000-0xef32ffff]
Feb 22 00:58:15 ismail-X456URK kernel: [    0.231155] pci 0000:00:1f.3: [8086:9d71] type 00 class 0x040300
Feb 22 00:58:15 ismail-X456URK kernel: [    0.231177] pci 0000:00:1f.3: reg 0x10: [mem 0xef328000-0xef32bfff 64bit]
Feb 22 00:58:15 ismail-X456URK kernel: [    0.231204] pci 0000:00:1f.3: reg 0x20: [mem 0xef300000-0xef30ffff 64bit]
Feb 22 00:58:15 ismail-X456URK kernel: [    0.231255] pci 0000:00:1f.3: PME# supported from D3hot D3cold
Feb 22 00:58:15 ismail-X456URK kernel: [    0.231432] pci 0000:00:1f.3: System wakeup disabled by ACPI
Feb 22 00:58:15 ismail-X456URK kernel: [    0.231468] pci 0000:00:1f.4: [8086:9d23] type 00 class 0x0c0500
Feb 22 00:58:15 ismail-X456URK kernel: [    0.231514] pci 0000:00:1f.4: reg 0x10: [mem 0xef332000-0xef3320ff 64bit]
Feb 22 00:58:15 ismail-X456URK kernel: [    0.231583] pci 0000:00:1f.4: reg 0x20: [io  0xf040-0xf05f]
Feb 22 00:58:15 ismail-X456URK kernel: [    0.231842] pci 0000:01:00.0: [10de:134e] type 00 class 0x030200
Feb 22 00:58:15 ismail-X456URK kernel: [    0.231856] pci 0000:01:00.0: reg 0x10: [mem 0xee000000-0xeeffffff]
Feb 22 00:58:15 ismail-X456URK kernel: [    0.231869] pci 0000:01:00.0: reg 0x14: [mem 0xd0000000-0xdfffffff 64bit pref]
Feb 22 00:58:15 ismail-X456URK kernel: [    0.231882] pci 0000:01:00.0: reg 0x1c: [mem 0xe0000000-0xe1ffffff 64bit pref]
Feb 22 00:58:15 ismail-X456URK kernel: [    0.231890] pci 0000:01:00.0: reg 0x24: [io  0xe000-0xe07f]
Feb 22 00:58:15 ismail-X456URK kernel: [    0.231899] pci 0000:01:00.0: reg 0x30: [mem 0xef000000-0xef07ffff pref]
Feb 22 00:58:15 ismail-X456URK kernel: [    0.232032] pci 0000:01:00.0: System wakeup disabled by ACPI
Feb 22 00:58:15 ismail-X456URK kernel: [    0.241386] pci 0000:00:1c.0: PCI bridge to [bus 01]
Feb 22 00:58:15 ismail-X456URK kernel: [    0.241397] pci 0000:00:1c.0:   bridge window [io  0xe000-0xefff]
Feb 22 00:58:15 ismail-X456URK kernel: [    0.241407] pci 0000:00:1c.0:   bridge window [mem 0xee000000-0xef0fffff]
Feb 22 00:58:15 ismail-X456URK kernel: [    0.241422] pci 0000:00:1c.0:   bridge window [mem 0xd0000000-0xe1ffffff 64bit pref]
Feb 22 00:58:15 ismail-X456URK kernel: [    0.241546] pci 0000:02:00.0: [10ec:8168] type 00 class 0x020000
Feb 22 00:58:15 ismail-X456URK kernel: [    0.241565] pci 0000:02:00.0: reg 0x10: [io  0xd000-0xd0ff]
Feb 22 00:58:15 ismail-X456URK kernel: [    0.241593] pci 0000:02:00.0: reg 0x18: [mem 0xef204000-0xef204fff 64bit]
Feb 22 00:58:15 ismail-X456URK kernel: [    0.241610] pci 0000:02:00.0: reg 0x20: [mem 0xef200000-0xef203fff 64bit]
Feb 22 00:58:15 ismail-X456URK kernel: [    0.241711] pci 0000:02:00.0: supports D1 D2
Feb 22 00:58:15 ismail-X456URK kernel: [    0.241712] pci 0000:02:00.0: PME# supported from D0 D1 D2 D3hot D3cold
Feb 22 00:58:15 ismail-X456URK kernel: [    0.241810] pci 0000:02:00.0: System wakeup disabled by ACPI
Feb 22 00:58:15 ismail-X456URK kernel: [    0.253403] pci 0000:00:1c.4: PCI bridge to [bus 02]
Feb 22 00:58:15 ismail-X456URK kernel: [    0.253412] pci 0000:00:1c.4:   bridge window [io  0xd000-0xdfff]
Feb 22 00:58:15 ismail-X456URK kernel: [    0.253423] pci 0000:00:1c.4:   bridge window [mem 0xef200000-0xef2fffff]
Feb 22 00:58:15 ismail-X456URK kernel: [    0.253565] pci 0000:03:00.0: [168c:0036] type 00 class 0x028000
Feb 22 00:58:15 ismail-X456URK kernel: [    0.253599] pci 0000:03:00.0: reg 0x10: [mem 0xef100000-0xef17ffff 64bit]
Feb 22 00:58:15 ismail-X456URK kernel: [    0.253658] pci 0000:03:00.0: reg 0x30: [mem 0xef180000-0xef18ffff pref]
Feb 22 00:58:15 ismail-X456URK kernel: [    0.253772] pci 0000:03:00.0: supports D1 D2
Feb 22 00:58:15 ismail-X456URK kernel: [    0.253772] pci 0000:03:00.0: PME# supported from D0 D1 D2 D3hot D3cold
Feb 22 00:58:15 ismail-X456URK kernel: [    0.265430] pci 0000:00:1c.5: PCI bridge to [bus 03]
Feb 22 00:58:15 ismail-X456URK kernel: [    0.265446] pci 0000:00:1c.5:   bridge window [mem 0xef100000-0xef1fffff]
Feb 22 00:58:15 ismail-X456URK kernel: [    0.267799] ACPI: PCI Interrupt Link [LNKA] (IRQs 3 4 5 6 10 *11 12 14 15)
Feb 22 00:58:15 ismail-X456URK kernel: [    0.267845] ACPI: PCI Interrupt Link [LNKB] (IRQs 3 4 5 6 *10 11 12 14 15)
Feb 22 00:58:15 ismail-X456URK kernel: [    0.267889] ACPI: PCI Interrupt Link [LNKC] (IRQs 3 4 5 6 10 *11 12 14 15)
Feb 22 00:58:15 ismail-X456URK kernel: [    0.267932] ACPI: PCI Interrupt Link [LNKD] (IRQs 3 4 5 6 10 *11 12 14 15)
Feb 22 00:58:15 ismail-X456URK kernel: [    0.267974] ACPI: PCI Interrupt Link [LNKE] (IRQs 3 4 5 6 10 *11 12 14 15)
Feb 22 00:58:15 ismail-X456URK kernel: [    0.268017] ACPI: PCI Interrupt Link [LNKF] (IRQs 3 4 5 6 10 *11 12 14 15)
Feb 22 00:58:15 ismail-X456URK kernel: [    0.268060] ACPI: PCI Interrupt Link [LNKG] (IRQs 3 4 5 6 10 *11 12 14 15)
Feb 22 00:58:15 ismail-X456URK kernel: [    0.268102] ACPI: PCI Interrupt Link [LNKH] (IRQs 3 4 5 6 10 *11 12 14 15)
Feb 22 00:58:15 ismail-X456URK kernel: [    0.268591] ACPI: Enabled 5 GPEs in block 00 to 7F
Feb 22 00:58:15 ismail-X456URK kernel: [    0.268663] ACPI : EC: interrupt unblocked
Feb 22 00:58:15 ismail-X456URK kernel: [    0.268677] ACPI : EC: event unblocked
Feb 22 00:58:15 ismail-X456URK kernel: [    0.268688] ACPI: \_SB_.PCI0.LPCB.EC0_: GPE=0x50, EC_CMD/EC_SC=0x66, EC_DATA=0x62
Feb 22 00:58:15 ismail-X456URK kernel: [    0.268689] ACPI: \_SB_.PCI0.LPCB.EC0_: Used as boot DSDT EC to handle transactions and events
Feb 22 00:58:15 ismail-X456URK kernel: [    0.268923] SCSI subsystem initialized
Feb 22 00:58:15 ismail-X456URK kernel: [    0.268963] libata version 3.00 loaded.
